Archive member included to satisfy reference by file (symbol)

/home/chowdarymanyam/Downloads/Work-Space/Firmware/CH32V/27082024_MounRiver/MounRiver_Studio_Community_Linux_x64_V170/MRS_Community/toolchain/RISC-V Embedded GCC/bin/../lib/gcc/riscv-none-embed/8.2.0/rv32ec/ilp32e/libgcc.a(save-restore.o)
                              ./User/main.o (__riscv_save_2)
/home/chowdarymanyam/Downloads/Work-Space/Firmware/CH32V/27082024_MounRiver/MounRiver_Studio_Community_Linux_x64_V170/MRS_Community/toolchain/RISC-V Embedded GCC/bin/../lib/gcc/riscv-none-embed/8.2.0/rv32ec/ilp32e/libgcc.a(muldi3.o)
                              ./Debug/debug.o (__mulsi3)
/home/chowdarymanyam/Downloads/Work-Space/Firmware/CH32V/27082024_MounRiver/MounRiver_Studio_Community_Linux_x64_V170/MRS_Community/toolchain/RISC-V Embedded GCC/bin/../lib/gcc/riscv-none-embed/8.2.0/rv32ec/ilp32e/libgcc.a(div.o)
                              ./Peripheral/src/ch32v00x_usart.o (__divsi3)
/home/chowdarymanyam/Downloads/Work-Space/Firmware/CH32V/27082024_MounRiver/MounRiver_Studio_Community_Linux_x64_V170/MRS_Community/toolchain/RISC-V Embedded GCC/bin/../lib/gcc/riscv-none-embed/8.2.0/../../../../riscv-none-embed/lib/rv32ec/ilp32e/libg_nano.a(lib_a-printf.o)
                              ./User/main.o (printf)
/home/chowdarymanyam/Downloads/Work-Space/Firmware/CH32V/27082024_MounRiver/MounRiver_Studio_Community_Linux_x64_V170/MRS_Community/toolchain/RISC-V Embedded GCC/bin/../lib/gcc/riscv-none-embed/8.2.0/../../../../riscv-none-embed/lib/rv32ec/ilp32e/libg_nano.a(lib_a-findfp.o)
                              /home/chowdarymanyam/Downloads/Work-Space/Firmware/CH32V/27082024_MounRiver/MounRiver_Studio_Community_Linux_x64_V170/MRS_Community/toolchain/RISC-V Embedded GCC/bin/../lib/gcc/riscv-none-embed/8.2.0/../../../../riscv-none-embed/lib/rv32ec/ilp32e/libg_nano.a(lib_a-printf.o) (__sinit)
/home/chowdarymanyam/Downloads/Work-Space/Firmware/CH32V/27082024_MounRiver/MounRiver_Studio_Community_Linux_x64_V170/MRS_Community/toolchain/RISC-V Embedded GCC/bin/../lib/gcc/riscv-none-embed/8.2.0/../../../../riscv-none-embed/lib/rv32ec/ilp32e/libg_nano.a(lib_a-fwalk.o)
                              /home/chowdarymanyam/Downloads/Work-Space/Firmware/CH32V/27082024_MounRiver/MounRiver_Studio_Community_Linux_x64_V170/MRS_Community/toolchain/RISC-V Embedded GCC/bin/../lib/gcc/riscv-none-embed/8.2.0/../../../../riscv-none-embed/lib/rv32ec/ilp32e/libg_nano.a(lib_a-findfp.o) (_fwalk)
/home/chowdarymanyam/Downloads/Work-Space/Firmware/CH32V/27082024_MounRiver/MounRiver_Studio_Community_Linux_x64_V170/MRS_Community/toolchain/RISC-V Embedded GCC/bin/../lib/gcc/riscv-none-embed/8.2.0/../../../../riscv-none-embed/lib/rv32ec/ilp32e/libg_nano.a(lib_a-impure.o)
                              /home/chowdarymanyam/Downloads/Work-Space/Firmware/CH32V/27082024_MounRiver/MounRiver_Studio_Community_Linux_x64_V170/MRS_Community/toolchain/RISC-V Embedded GCC/bin/../lib/gcc/riscv-none-embed/8.2.0/../../../../riscv-none-embed/lib/rv32ec/ilp32e/libg_nano.a(lib_a-findfp.o) (_global_impure_ptr)
/home/chowdarymanyam/Downloads/Work-Space/Firmware/CH32V/27082024_MounRiver/MounRiver_Studio_Community_Linux_x64_V170/MRS_Community/toolchain/RISC-V Embedded GCC/bin/../lib/gcc/riscv-none-embed/8.2.0/../../../../riscv-none-embed/lib/rv32ec/ilp32e/libg_nano.a(lib_a-memset.o)
                              /home/chowdarymanyam/Downloads/Work-Space/Firmware/CH32V/27082024_MounRiver/MounRiver_Studio_Community_Linux_x64_V170/MRS_Community/toolchain/RISC-V Embedded GCC/bin/../lib/gcc/riscv-none-embed/8.2.0/../../../../riscv-none-embed/lib/rv32ec/ilp32e/libg_nano.a(lib_a-findfp.o) (memset)
/home/chowdarymanyam/Downloads/Work-Space/Firmware/CH32V/27082024_MounRiver/MounRiver_Studio_Community_Linux_x64_V170/MRS_Community/toolchain/RISC-V Embedded GCC/bin/../lib/gcc/riscv-none-embed/8.2.0/../../../../riscv-none-embed/lib/rv32ec/ilp32e/libg_nano.a(lib_a-nano-mallocr.o)
                              /home/chowdarymanyam/Downloads/Work-Space/Firmware/CH32V/27082024_MounRiver/MounRiver_Studio_Community_Linux_x64_V170/MRS_Community/toolchain/RISC-V Embedded GCC/bin/../lib/gcc/riscv-none-embed/8.2.0/../../../../riscv-none-embed/lib/rv32ec/ilp32e/libg_nano.a(lib_a-findfp.o) (_malloc_r)
/home/chowdarymanyam/Downloads/Work-Space/Firmware/CH32V/27082024_MounRiver/MounRiver_Studio_Community_Linux_x64_V170/MRS_Community/toolchain/RISC-V Embedded GCC/bin/../lib/gcc/riscv-none-embed/8.2.0/../../../../riscv-none-embed/lib/rv32ec/ilp32e/libg_nano.a(lib_a-nano-vfprintf.o)
                              /home/chowdarymanyam/Downloads/Work-Space/Firmware/CH32V/27082024_MounRiver/MounRiver_Studio_Community_Linux_x64_V170/MRS_Community/toolchain/RISC-V Embedded GCC/bin/../lib/gcc/riscv-none-embed/8.2.0/../../../../riscv-none-embed/lib/rv32ec/ilp32e/libg_nano.a(lib_a-printf.o) (_vfprintf_r)
[...]
Memory Configuration

Name             Origin             Length             Attributes
FLASH            0x0000000000000000 0x0000000000004000 xr
RAM              0x0000000020000000 0x0000000000000800 xrw
*default*        0x0000000000000000 0xffffffffffffffff

Linker script and memory map

LOAD ./User/ch32v00x_it.o
LOAD ./User/main.o
LOAD ./User/system_ch32v00x.o
LOAD ./Startup/startup_ch32v00x.o
LOAD ./Peripheral/src/ch32v00x_adc.o
LOAD ./Peripheral/src/ch32v00x_dbgmcu.o
LOAD ./Peripheral/src/ch32v00x_dma.o
LOAD ./Peripheral/src/ch32v00x_exti.o
LOAD ./Peripheral/src/ch32v00x_flash.o
LOAD ./Peripheral/src/ch32v00x_gpio.o
LOAD ./Peripheral/src/ch32v00x_i2c.o
LOAD ./Peripheral/src/ch32v00x_iwdg.o
LOAD ./Peripheral/src/ch32v00x_misc.o
LOAD ./Peripheral/src/ch32v00x_opa.o
LOAD ./Peripheral/src/ch32v00x_pwr.o
LOAD ./Peripheral/src/ch32v00x_rcc.o
LOAD ./Peripheral/src/ch32v00x_spi.o
LOAD ./Peripheral/src/ch32v00x_tim.o
LOAD ./Peripheral/src/ch32v00x_usart.o
LOAD ./Peripheral/src/ch32v00x_wwdg.o
LOAD ./Debug/debug.o
LOAD ./Core/core_riscv.o
LOAD /home/chowdarymanyam/Downloads/Work-Space/Firmware/CH32V/27082024_MounRiver/MounRiver_Studio_Community_Linux_x64_V170/MRS_Community/toolchain/RISC-V Embedded GCC/bin/../lib/gcc/riscv-none-embed/8.2.0/rv32ec/ilp32e/libgcc.a
LOAD /home/chowdarymanyam/Downloads/Work-Space/Firmware/CH32V/27082024_MounRiver/MounRiver_Studio_Community_Linux_x64_V170/MRS_Community/toolchain/RISC-V Embedded GCC/bin/../lib/gcc/riscv-none-embed/8.2.0/../../../../riscv-none-embed/lib/rv32ec/ilp32e/libg_nano.a
LOAD /home/chowdarymanyam/Downloads/Work-Space/Firmware/CH32V/27082024_MounRiver/MounRiver_Studio_Community_Linux_x64_V170/MRS_Community/toolchain/RISC-V Embedded GCC/bin/../lib/gcc/riscv-none-embed/8.2.0/../../../../riscv-none-embed/lib/rv32ec/ilp32e/libc_nano.a
LOAD /home/chowdarymanyam/Downloads/Work-Space/Firmware/CH32V/27082024_MounRiver/MounRiver_Studio_Community_Linux_x64_V170/MRS_Community/toolchain/RISC-V Embedded GCC/bin/../lib/gcc/riscv-none-embed/8.2.0/rv32ec/ilp32e/libgcc.a
START GROUP
LOAD /home/chowdarymanyam/Downloads/Work-Space/Firmware/CH32V/27082024_MounRiver/MounRiver_Studio_Community_Linux_x64_V170/MRS_Community/toolchain/RISC-V Embedded GCC/bin/../lib/gcc/riscv-none-embed/8.2.0/rv32ec/ilp32e/libgcc.a
LOAD /home/chowdarymanyam/Downloads/Work-Space/Firmware/CH32V/27082024_MounRiver/MounRiver_Studio_Community_Linux_x64_V170/MRS_Community/toolchain/RISC-V Embedded GCC/bin/../lib/gcc/riscv-none-embed/8.2.0/../../../../riscv-none-embed/lib/rv32ec/ilp32e/libc_nano.a
LOAD /home/chowdarymanyam/Downloads/Work-Space/Firmware/CH32V/27082024_MounRiver/MounRiver_Studio_Community_Linux_x64_V170/MRS_Community/toolchain/RISC-V Embedded GCC/bin/../lib/gcc/riscv-none-embed/8.2.0/../../../../riscv-none-embed/lib/rv32ec/ilp32e/libnosys.a
END GROUP
START GROUP
LOAD /home/chowdarymanyam/Downloads/Work-Space/Firmware/CH32V/27082024_MounRiver/MounRiver_Studio_Community_Linux_x64_V170/MRS_Community/toolchain/RISC-V Embedded GCC/bin/../lib/gcc/riscv-none-embed/8.2.0/rv32ec/ilp32e/libgcc.a
LOAD /home/chowdarymanyam/Downloads/Work-Space/Firmware/CH32V/27082024_MounRiver/MounRiver_Studio_Community_Linux_x64_V170/MRS_Community/toolchain/RISC-V Embedded GCC/bin/../lib/gcc/riscv-none-embed/8.2.0/../../../../riscv-none-embed/lib/rv32ec/ilp32e/libc_nano.a
LOAD /home/chowdarymanyam/Downloads/Work-Space/Firmware/CH32V/27082024_MounRiver/MounRiver_Studio_Community_Linux_x64_V170/MRS_Community/toolchain/RISC-V Embedded GCC/bin/../lib/gcc/riscv-none-embed/8.2.0/../../../../riscv-none-embed/lib/rv32ec/ilp32e/libnosys.a
END GROUP
                0x0000000000000100                __stack_size = 0x100
                [!provide]                        PROVIDE (_stack_size = __stack_size)

.init           0x0000000000000000       0xa0
                0x0000000000000000                _sinit = .
                0x0000000000000000                . = ALIGN (0x4)
 *(SORT_NONE(.init))
 .init          0x0000000000000000       0x9e ./Startup/startup_ch32v00x.o
                0x0000000000000000                _start
                0x00000000000000a0                . = ALIGN (0x4)
 *fill*         0x000000000000009e        0x2 
                0x00000000000000a0                _einit = .

.text           0x00000000000000a0     0x1f34
                0x00000000000000a0                . = ALIGN (0x4)
 *(.text)
 .text          0x00000000000000a0       0x14 /home/chowdarymanyam/Downloads/Work-Space/Firmware/CH32V/27082024_MounRiver/MounRiver_Studio_Community_Linux_x64_V170/MRS_Community/toolchain/RISC-V Embedded GCC/bin/../lib/gcc/riscv-none-embed/8.2.0/rv32ec/ilp32e/libgcc.a(save-restore.o)
                0x00000000000000a0                __riscv_save_1
                0x00000000000000a0                __riscv_save_2
                0x00000000000000a0                __riscv_save_0
                0x00000000000000aa                __riscv_restore_2
                0x00000000000000aa                __riscv_restore_0
                0x00000000000000aa                __riscv_restore_1
 .text          0x00000000000000b4       0x16 /home/chowdarymanyam/Downloads/Work-Space/Firmware/CH32V/27082024_MounRiver/MounRiver_Studio_Community_Linux_x64_V170/MRS_Community/toolchain/RISC-V Embedded GCC/bin/../lib/gcc/riscv-none-embed/8.2.0/rv32ec/ilp32e/libgcc.a(muldi3.o)
                0x00000000000000b4                __mulsi3
 *fill*         0x00000000000000ca        0x2 
 .text          0x00000000000000cc       0x7e /home/chowdarymanyam/Downloads/Work-Space/Firmware/CH32V/27082024_MounRiver/MounRiver_Studio_Community_Linux_x64_V170/MRS_Community/toolchain/RISC-V Embedded GCC/bin/../lib/gcc/riscv-none-embed/8.2.0/rv32ec/ilp32e/libgcc.a(div.o)
                0x00000000000000cc                __divsi3
                0x00000000000000d4                __udivsi3
                0x0000000000000100                __umodsi3
                0x0000000000000124                __modsi3
 .text          0x000000000000014a       0xa8 /home/chowdarymanyam/Downloads/Work-Space/Firmware/CH32V/27082024_MounRiver/MounRiver_Studio_Community_Linux_x64_V170/MRS_Community/toolchain/RISC-V Embedded GCC/bin/../lib/gcc/riscv-none-embed/8.2.0/../../../../riscv-none-embed/lib/rv32ec/ilp32e/libg_nano.a(lib_a-memset.o)
                0x000000000000014a                memset
 *(.text.*)
 .text.NMI_Handler
                0x00000000000001f2        0x2 ./User/ch32v00x_it.o
                0x00000000000001f2                NMI_Handler
 .text.HardFault_Handler
                0x00000000000001f4        0x2 ./User/ch32v00x_it.o
                0x00000000000001f4                HardFault_Handler
 .text.IIC_Init
                0x00000000000001f6       0x8e ./User/main.o
                0x00000000000001f6                IIC_Init
 .text.MPU6050_WriteByte
                0x0000000000000284       0xc6 ./User/main.o
                0x0000000000000284                MPU6050_WriteByte
 .text.MPU6050_ReadBytes
                0x000000000000034a      0x12c ./User/main.o
                0x000000000000034a                MPU6050_ReadBytes
 .text.MPU6050_Init
                0x0000000000000476        0xe ./User/main.o
                0x0000000000000476                MPU6050_Init
 .text.startup.main
                0x0000000000000484       0x98 ./User/main.o
                0x0000000000000484                main
 .text.SystemInit
                0x000000000000051c      0x132 ./User/system_ch32v00x.o
                0x000000000000051c                SystemInit
 .text.SystemCoreClockUpdate
                0x000000000000064e       0x6a ./User/system_ch32v00x.o
                0x000000000000064e                SystemCoreClockUpdate
 .text.vector_handler
                0x00000000000006b8        0x2 ./Startup/startup_ch32v00x.o
                0x00000000000006b8                TIM1_CC_IRQHandler
                0x00000000000006b8                SysTick_Handler
                0x00000000000006b8                PVD_IRQHandler
                0x00000000000006b8                SPI1_IRQHandler
                0x00000000000006b8                AWU_IRQHandler
                0x00000000000006b8                EXTI7_0_IRQHandler
                0x00000000000006b8                DMA1_Channel4_IRQHandler
                0x00000000000006b8                ADC1_IRQHandler
                0x00000000000006b8                DMA1_Channel7_IRQHandler
                0x00000000000006b8                I2C1_EV_IRQHandler
                0x00000000000006b8                DMA1_Channel6_IRQHandler
                0x00000000000006b8                RCC_IRQHandler
                0x00000000000006b8                TIM1_TRG_COM_IRQHandler
                0x00000000000006b8                DMA1_Channel1_IRQHandler
                0x00000000000006b8                DMA1_Channel5_IRQHandler
                0x00000000000006b8                DMA1_Channel3_IRQHandler
                0x00000000000006b8                TIM1_UP_IRQHandler
                0x00000000000006b8                WWDG_IRQHandler
                0x00000000000006b8                TIM2_IRQHandler
                0x00000000000006b8                SW_Handler
                0x00000000000006b8                TIM1_BRK_IRQHandler
                0x00000000000006b8                DMA1_Channel2_IRQHandler
                0x00000000000006b8                FLASH_IRQHandler
                0x00000000000006b8                USART1_IRQHandler
                0x00000000000006b8                I2C1_ER_IRQHandler
 .text.handle_reset
                0x00000000000006ba       0x80 ./Startup/startup_ch32v00x.o
                0x00000000000006ba                handle_reset
 .text.DBGMCU_GetCHIPID
                0x000000000000073a        0xa ./Peripheral/src/ch32v00x_dbgmcu.o
                0x000000000000073a                DBGMCU_GetCHIPID
 .text.GPIO_Init
                0x0000000000000744       0xd8 ./Peripheral/src/ch32v00x_gpio.o
                0x0000000000000744                GPIO_Init
 .text.I2C_Init
                0x000000000000081c      0x100 ./Peripheral/src/ch32v00x_i2c.o
                0x000000000000081c                I2C_Init
 .text.I2C_Cmd  0x000000000000091c       0x1c ./Peripheral/src/ch32v00x_i2c.o
                0x000000000000091c                I2C_Cmd
 .text.I2C_GenerateSTART
                0x0000000000000938       0x1e ./Peripheral/src/ch32v00x_i2c.o
                0x0000000000000938                I2C_GenerateSTART
 .text.I2C_GenerateSTOP
                0x0000000000000956       0x1e ./Peripheral/src/ch32v00x_i2c.o
                0x0000000000000956                I2C_GenerateSTOP
 .text.I2C_AcknowledgeConfig
                0x0000000000000974       0x1e ./Peripheral/src/ch32v00x_i2c.o
                0x0000000000000974                I2C_AcknowledgeConfig
 .text.I2C_SendData
                0x0000000000000992        0x6 ./Peripheral/src/ch32v00x_i2c.o
                0x0000000000000992                I2C_SendData
 .text.I2C_ReceiveData
                0x0000000000000998        0xa ./Peripheral/src/ch32v00x_i2c.o
                0x0000000000000998                I2C_ReceiveData
 .text.I2C_Send7bitAddress
                0x00000000000009a2       0x14 ./Peripheral/src/ch32v00x_i2c.o
                0x00000000000009a2                I2C_Send7bitAddress
 .text.I2C_CheckEvent
                0x00000000000009b6       0x1a ./Peripheral/src/ch32v00x_i2c.o
                0x00000000000009b6                I2C_CheckEvent
 .text.I2C_GetFlagStatus
                0x00000000000009d0       0x32 ./Peripheral/src/ch32v00x_i2c.o
                0x00000000000009d0                I2C_GetFlagStatus
 .text.RCC_AdjustHSICalibrationValue
                0x0000000000000a02       0x12 ./Peripheral/src/ch32v00x_rcc.o
                0x0000000000000a02                RCC_AdjustHSICalibrationValue
 .text.RCC_GetClocksFreq
                0x0000000000000a14       0xa0 ./Peripheral/src/ch32v00x_rcc.o
                0x0000000000000a14                RCC_GetClocksFreq
 .text.RCC_APB2PeriphClockCmd
                0x0000000000000ab4       0x1e ./Peripheral/src/ch32v00x_rcc.o
                0x0000000000000ab4                RCC_APB2PeriphClockCmd
 .text.RCC_APB1PeriphClockCmd
                0x0000000000000ad2       0x1e ./Peripheral/src/ch32v00x_rcc.o
                0x0000000000000ad2                RCC_APB1PeriphClockCmd
 .text.USART_Init
                0x0000000000000af0       0xe8 ./Peripheral/src/ch32v00x_usart.o
                0x0000000000000af0                USART_Init
 .text.USART_Cmd
                0x0000000000000bd8       0x1c ./Peripheral/src/ch32v00x_usart.o
                0x0000000000000bd8                USART_Cmd
 .text.USART_SendData
                0x0000000000000bf4        0xa ./Peripheral/src/ch32v00x_usart.o
                0x0000000000000bf4                USART_SendData
 .text.USART_GetFlagStatus
                0x0000000000000bfe        0xc ./Peripheral/src/ch32v00x_usart.o
                0x0000000000000bfe                USART_GetFlagStatus
 .text.Delay_Init
                0x0000000000000c0a       0x34 ./Debug/debug.o
                0x0000000000000c0a                Delay_Init
 .text.Delay_Ms
                0x0000000000000c3e       0x3a ./Debug/debug.o
                0x0000000000000c3e                Delay_Ms
 .text.USART_Printf_Init
                0x0000000000000c78       0x56 ./Debug/debug.o
                0x0000000000000c78                USART_Printf_Init
 .text._write   0x0000000000000cce       0x4c ./Debug/debug.o
                0x0000000000000cce                _write
 .text._sbrk    0x0000000000000d1a       0x26 ./Debug/debug.o
                0x0000000000000d1a                _sbrk
 .text.printf   0x0000000000000d40       0x42 /home/chowdarymanyam/Downloads/Work-Space/Firmware/CH32V/27082024_MounRiver/MounRiver_Studio_Community_Linux_x64_V170/MRS_Community/toolchain/RISC-V Embedded GCC/bin/../lib/gcc/riscv-none-embed/8.2.0/../../../../riscv-none-embed/lib/rv32ec/ilp32e/libg_nano.a(lib_a-printf.o)
                0x0000000000000d40                printf
                0x0000000000000d40                iprintf
 .text.std      0x0000000000000d82       0x6a /home/chowdarymanyam/Downloads/Work-Space/Firmware/CH32V/27082024_MounRiver/MounRiver_Studio_Community_Linux_x64_V170/MRS_Community/toolchain/RISC-V Embedded GCC/bin/../lib/gcc/riscv-none-embed/8.2.0/../../../../riscv-none-embed/lib/rv32ec/ilp32e/libg_nano.a(lib_a-findfp.o)
 .text._cleanup_r
                0x0000000000000dec        0xa /home/chowdarymanyam/Downloads/Work-Space/Firmware/CH32V/27082024_MounRiver/MounRiver_Studio_Community_Linux_x64_V170/MRS_Community/toolchain/RISC-V Embedded GCC/bin/../lib/gcc/riscv-none-embed/8.2.0/../../../../riscv-none-embed/lib/rv32ec/ilp32e/libg_nano.a(lib_a-findfp.o)
                0x0000000000000dec                _cleanup_r
 .text.__sfmoreglue
                0x0000000000000df6       0x48 /home/chowdarymanyam/Downloads/Work-Space/Firmware/CH32V/27082024_MounRiver/MounRiver_Studio_Community_Linux_x64_V170/MRS_Community/toolchain/RISC-V Embedded GCC/bin/../lib/gcc/riscv-none-embed/8.2.0/../../../../riscv-none-embed/lib/rv32ec/ilp32e/libg_nano.a(lib_a-findfp.o)
                0x0000000000000df6                __sfmoreglue
 .text.__sinit  0x0000000000000e3e       0x6a /home/chowdarymanyam/Downloads/Work-Space/Firmware/CH32V/27082024_MounRiver/MounRiver_Studio_Community_Linux_x64_V170/MRS_Community/toolchain/RISC-V Embedded GCC/bin/../lib/gcc/riscv-none-embed/8.2.0/../../../../riscv-none-embed/lib/rv32ec/ilp32e/libg_nano.a(lib_a-findfp.o)
                0x0000000000000e3e                __sinit
 .text.__sfp    0x0000000000000ea8       0x9e /home/chowdarymanyam/Downloads/Work-Space/Firmware/CH32V/27082024_MounRiver/MounRiver_Studio_Community_Linux_x64_V170/MRS_Community/toolchain/RISC-V Embedded GCC/bin/../lib/gcc/riscv-none-embed/8.2.0/../../../../riscv-none-embed/lib/rv32ec/ilp32e/libg_nano.a(lib_a-findfp.o)
                0x0000000000000ea8                __sfp
 .text._fwalk_reent
                0x0000000000000f46       0x60 /home/chowdarymanyam/Downloads/Work-Space/Firmware/CH32V/27082024_MounRiver/MounRiver_Studio_Community_Linux_x64_V170/MRS_Community/toolchain/RISC-V Embedded GCC/bin/../lib/gcc/riscv-none-embed/8.2.0/../../../../riscv-none-embed/lib/rv32ec/ilp32e/libg_nano.a(lib_a-fwalk.o)
                0x0000000000000f46                _fwalk_reent
 .text._malloc_r
                0x0000000000000fa6       0xde /home/chowdarymanyam/Downloads/Work-Space/Firmware/CH32V/27082024_MounRiver/MounRiver_Studio_Community_Linux_x64_V170/MRS_Community/toolchain/RISC-V Embedded GCC/bin/../lib/gcc/riscv-none-embed/8.2.0/../../../../riscv-none-embed/lib/rv32ec/ilp32e/libg_nano.a(lib_a-nano-mallocr.o)
                0x0000000000000fa6                _malloc_r
 .text.__sfputc_r
                0x0000000000001084       0x2a /home/chowdarymanyam/Downloads/Work-Space/Firmware/CH32V/27082024_MounRiver/MounRiver_Studio_Community_Linux_x64_V170/MRS_Community/toolchain/RISC-V Embedded GCC/bin/../lib/gcc/riscv-none-embed/8.2.0/../../../../riscv-none-embed/lib/rv32ec/ilp32e/libg_nano.a(lib_a-nano-vfprintf.o)
 .text.__sfputs_r
                0x00000000000010ae       0x3e /home/chowdarymanyam/Downloads/Work-Space/Firmware/CH32V/27082024_MounRiver/MounRiver_Studio_Community_Linux_x64_V170/MRS_Community/toolchain/RISC-V Embedded GCC/bin/../lib/gcc/riscv-none-embed/8.2.0/../../../../riscv-none-embed/lib/rv32ec/ilp32e/libg_nano.a(lib_a-nano-vfprintf.o)
                0x00000000000010ae                __sfputs_r
 .text._vfprintf_r
                0x00000000000010ec      0x2c4 /home/chowdarymanyam/Downloads/Work-Space/Firmware/CH32V/27082024_MounRiver/MounRiver_Studio_Community_Linux_x64_V170/MRS_Community/toolchain/RISC-V Embedded GCC/bin/../lib/gcc/riscv-none-embed/8.2.0/../../../../riscv-none-embed/lib/rv32ec/ilp32e/libg_nano.a(lib_a-nano-vfprintf.o)
                0x00000000000010ec                _vfiprintf_r
                0x00000000000010ec                _vfprintf_r
 .text._printf_common
                0x00000000000013b0      0x12c /home/chowdarymanyam/Downloads/Work-Space/Firmware/CH32V/27082024_MounRiver/MounRiver_Studio_Community_Linux_x64_V170/MRS_Community/toolchain/RISC-V Embedded GCC/bin/../lib/gcc/riscv-none-embed/8.2.0/../../../../riscv-none-embed/lib/rv32ec/ilp32e/libg_nano.a(lib_a-nano-vfprintf_i.o)
                0x00000000000013b0                _printf_common
 .text._printf_i
                0x00000000000014dc      0x2c4 /home/chowdarymanyam/Downloads/Work-Space/Firmware/CH32V/27082024_MounRiver/MounRiver_Studio_Community_Linux_x64_V170/MRS_Community/toolchain/RISC-V Embedded GCC/bin/../lib/gcc/riscv-none-embed/8.2.0/../../../../riscv-none-embed/lib/rv32ec/ilp32e/libg_nano.a(lib_a-nano-vfprintf_i.o)
                0x00000000000014dc                _printf_i
 .text._sbrk_r  0x00000000000017a0       0x2a /home/chowdarymanyam/Downloads/Work-Space/Firmware/CH32V/27082024_MounRiver/MounRiver_Studio_Community_Linux_x64_V170/MRS_Community/toolchain/RISC-V Embedded GCC/bin/../lib/gcc/riscv-none-embed/8.2.0/../../../../riscv-none-embed/lib/rv32ec/ilp32e/libg_nano.a(lib_a-sbrkr.o)
                0x00000000000017a0                _sbrk_r
 .text.__sread  0x00000000000017ca       0x30 /home/chowdarymanyam/Downloads/Work-Space/Firmware/CH32V/27082024_MounRiver/MounRiver_Studio_Community_Linux_x64_V170/MRS_Community/toolchain/RISC-V Embedded GCC/bin/../lib/gcc/riscv-none-embed/8.2.0/../../../../riscv-none-embed/lib/rv32ec/ilp32e/libg_nano.a(lib_a-stdio.o)
                0x00000000000017ca                __sread
 .text.__swrite
                0x00000000000017fa       0x4e /home/chowdarymanyam/Downloads/Work-Space/Firmware/CH32V/27082024_MounRiver/MounRiver_Studio_Community_Linux_x64_V170/MRS_Community/toolchain/RISC-V Embedded GCC/bin/../lib/gcc/riscv-none-embed/8.2.0/../../../../riscv-none-embed/lib/rv32ec/ilp32e/libg_nano.a(lib_a-stdio.o)
                0x00000000000017fa                __swrite
 .text.__sseek  0x0000000000001848       0x36 /home/chowdarymanyam/Downloads/Work-Space/Firmware/CH32V/27082024_MounRiver/MounRiver_Studio_Community_Linux_x64_V170/MRS_Community/toolchain/RISC-V Embedded GCC/bin/../lib/gcc/riscv-none-embed/8.2.0/../../../../riscv-none-embed/lib/rv32ec/ilp32e/libg_nano.a(lib_a-stdio.o)
                0x0000000000001848                __sseek
 .text.__sclose
                0x000000000000187e        0x6 /home/chowdarymanyam/Downloads/Work-Space/Firmware/CH32V/27082024_MounRiver/MounRiver_Studio_Community_Linux_x64_V170/MRS_Community/toolchain/RISC-V Embedded GCC/bin/../lib/gcc/riscv-none-embed/8.2.0/../../../../riscv-none-embed/lib/rv32ec/ilp32e/libg_nano.a(lib_a-stdio.o)
                0x000000000000187e                __sclose
 .text.__swbuf_r
                0x0000000000001884       0xca /home/chowdarymanyam/Downloads/Work-Space/Firmware/CH32V/27082024_MounRiver/MounRiver_Studio_Community_Linux_x64_V170/MRS_Community/toolchain/RISC-V Embedded GCC/bin/../lib/gcc/riscv-none-embed/8.2.0/../../../../riscv-none-embed/lib/rv32ec/ilp32e/libg_nano.a(lib_a-wbuf.o)
                0x0000000000001884                __swbuf_r
 .text._write_r
                0x000000000000194e       0x2e /home/chowdarymanyam/Downloads/Work-Space/Firmware/CH32V/27082024_MounRiver/MounRiver_Studio_Community_Linux_x64_V170/MRS_Community/toolchain/RISC-V Embedded GCC/bin/../lib/gcc/riscv-none-embed/8.2.0/../../../../riscv-none-embed/lib/rv32ec/ilp32e/libg_nano.a(lib_a-writer.o)
                0x000000000000194e                _write_r
 .text.__swsetup_r
                0x000000000000197c      0x114 /home/chowdarymanyam/Downloads/Work-Space/Firmware/CH32V/27082024_MounRiver/MounRiver_Studio_Community_Linux_x64_V170/MRS_Community/toolchain/RISC-V Embedded GCC/bin/../lib/gcc/riscv-none-embed/8.2.0/../../../../riscv-none-embed/lib/rv32ec/ilp32e/libg_nano.a(lib_a-wsetup.o)
                0x000000000000197c                __swsetup_r
 .text._close_r
                0x0000000000001a90       0x28 /home/chowdarymanyam/Downloads/Work-Space/Firmware/CH32V/27082024_MounRiver/MounRiver_Studio_Community_Linux_x64_V170/MRS_Community/toolchain/RISC-V Embedded GCC/bin/../lib/gcc/riscv-none-embed/8.2.0/../../../../riscv-none-embed/lib/rv32ec/ilp32e/libg_nano.a(lib_a-closer.o)
                0x0000000000001a90                _close_r
 .text.__sflush_r
                0x0000000000001ab8      0x134 /home/chowdarymanyam/Downloads/Work-Space/Firmware/CH32V/27082024_MounRiver/MounRiver_Studio_Community_Linux_x64_V170/MRS_Community/toolchain/RISC-V Embedded GCC/bin/../lib/gcc/riscv-none-embed/8.2.0/../../../../riscv-none-embed/lib/rv32ec/ilp32e/libg_nano.a(lib_a-fflush.o)
                0x0000000000001ab8                __sflush_r
 .text._fflush_r
                0x0000000000001bec       0x66 /home/chowdarymanyam/Downloads/Work-Space/Firmware/CH32V/27082024_MounRiver/MounRiver_Studio_Community_Linux_x64_V170/MRS_Community/toolchain/RISC-V Embedded GCC/bin/../lib/gcc/riscv-none-embed/8.2.0/../../../../riscv-none-embed/lib/rv32ec/ilp32e/libg_nano.a(lib_a-fflush.o)
                0x0000000000001bec                _fflush_r
 .text._lseek_r
                0x0000000000001c52       0x2c /home/chowdarymanyam/Downloads/Work-Space/Firmware/CH32V/27082024_MounRiver/MounRiver_Studio_Community_Linux_x64_V170/MRS_Community/toolchain/RISC-V Embedded GCC/bin/../lib/gcc/riscv-none-embed/8.2.0/../../../../riscv-none-embed/lib/rv32ec/ilp32e/libg_nano.a(lib_a-lseekr.o)
                0x0000000000001c52                _lseek_r
 .text.__swhatbuf_r
                0x0000000000001c7e       0x62 /home/chowdarymanyam/Downloads/Work-Space/Firmware/CH32V/27082024_MounRiver/MounRiver_Studio_Community_Linux_x64_V170/MRS_Community/toolchain/RISC-V Embedded GCC/bin/../lib/gcc/riscv-none-embed/8.2.0/../../../../riscv-none-embed/lib/rv32ec/ilp32e/libg_nano.a(lib_a-makebuf.o)
                0x0000000000001c7e                __swhatbuf_r
 .text.__smakebuf_r
                0x0000000000001ce0       0x9c /home/chowdarymanyam/Downloads/Work-Space/Firmware/CH32V/27082024_MounRiver/MounRiver_Studio_Community_Linux_x64_V170/MRS_Community/toolchain/RISC-V Embedded GCC/bin/../lib/gcc/riscv-none-embed/8.2.0/../../../../riscv-none-embed/lib/rv32ec/ilp32e/libg_nano.a(lib_a-makebuf.o)
                0x0000000000001ce0                __smakebuf_r
 .text.memchr   0x0000000000001d7c       0x1a /home/chowdarymanyam/Downloads/Work-Space/Firmware/CH32V/27082024_MounRiver/MounRiver_Studio_Community_Linux_x64_V170/MRS_Community/toolchain/RISC-V Embedded GCC/bin/../lib/gcc/riscv-none-embed/8.2.0/../../../../riscv-none-embed/lib/rv32ec/ilp32e/libg_nano.a(lib_a-memchr.o)
                0x0000000000001d7c                memchr
 .text.__malloc_lock
                0x0000000000001d96        0x2 /home/chowdarymanyam/Downloads/Work-Space/Firmware/CH32V/27082024_MounRiver/MounRiver_Studio_Community_Linux_x64_V170/MRS_Community/toolchain/RISC-V Embedded GCC/bin/../lib/gcc/riscv-none-embed/8.2.0/../../../../riscv-none-embed/lib/rv32ec/ilp32e/libg_nano.a(lib_a-mlock.o)
                0x0000000000001d96                __malloc_lock
 .text.__malloc_unlock
                0x0000000000001d98        0x2 /home/chowdarymanyam/Downloads/Work-Space/Firmware/CH32V/27082024_MounRiver/MounRiver_Studio_Community_Linux_x64_V170/MRS_Community/toolchain/RISC-V Embedded GCC/bin/../lib/gcc/riscv-none-embed/8.2.0/../../../../riscv-none-embed/lib/rv32ec/ilp32e/libg_nano.a(lib_a-mlock.o)
                0x0000000000001d98                __malloc_unlock
 .text._free_r  0x0000000000001d9a       0xac /home/chowdarymanyam/Downloads/Work-Space/Firmware/CH32V/27082024_MounRiver/MounRiver_Studio_Community_Linux_x64_V170/MRS_Community/toolchain/RISC-V Embedded GCC/bin/../lib/gcc/riscv-none-embed/8.2.0/../../../../riscv-none-embed/lib/rv32ec/ilp32e/libg_nano.a(lib_a-nano-freer.o)
                0x0000000000001d9a                _free_r
 .text._read_r  0x0000000000001e46       0x2c /home/chowdarymanyam/Downloads/Work-Space/Firmware/CH32V/27082024_MounRiver/MounRiver_Studio_Community_Linux_x64_V170/MRS_Community/toolchain/RISC-V Embedded GCC/bin/../lib/gcc/riscv-none-embed/8.2.0/../../../../riscv-none-embed/lib/rv32ec/ilp32e/libg_nano.a(lib_a-readr.o)
                0x0000000000001e46                _read_r
 .text._fstat_r
                0x0000000000001e72       0x2a /home/chowdarymanyam/Downloads/Work-Space/Firmware/CH32V/27082024_MounRiver/MounRiver_Studio_Community_Linux_x64_V170/MRS_Community/toolchain/RISC-V Embedded GCC/bin/../lib/gcc/riscv-none-embed/8.2.0/../../../../riscv-none-embed/lib/rv32ec/ilp32e/libg_nano.a(lib_a-fstatr.o)
                0x0000000000001e72                _fstat_r
 .text._isatty_r
                0x0000000000001e9c       0x28 /home/chowdarymanyam/Downloads/Work-Space/Firmware/CH32V/27082024_MounRiver/MounRiver_Studio_Community_Linux_x64_V170/MRS_Community/toolchain/RISC-V Embedded GCC/bin/../lib/gcc/riscv-none-embed/8.2.0/../../../../riscv-none-embed/lib/rv32ec/ilp32e/libg_nano.a(lib_a-isattyr.o)
                0x0000000000001e9c                _isatty_r
 .text._close   0x0000000000001ec4        0xc /home/chowdarymanyam/Downloads/Work-Space/Firmware/CH32V/27082024_MounRiver/MounRiver_Studio_Community_Linux_x64_V170/MRS_Community/toolchain/RISC-V Embedded GCC/bin/../lib/gcc/riscv-none-embed/8.2.0/../../../../riscv-none-embed/lib/rv32ec/ilp32e/libnosys.a(close.o)
                0x0000000000001ec4                _close
 .text._fstat   0x0000000000001ed0        0xc /home/chowdarymanyam/Downloads/Work-Space/Firmware/CH32V/27082024_MounRiver/MounRiver_Studio_Community_Linux_x64_V170/MRS_Community/toolchain/RISC-V Embedded GCC/bin/../lib/gcc/riscv-none-embed/8.2.0/../../../../riscv-none-embed/lib/rv32ec/ilp32e/libnosys.a(fstat.o)
                0x0000000000001ed0                _fstat
 .text._isatty  0x0000000000001edc        0xc /home/chowdarymanyam/Downloads/Work-Space/Firmware/CH32V/27082024_MounRiver/MounRiver_Studio_Community_Linux_x64_V170/MRS_Community/toolchain/RISC-V Embedded GCC/bin/../lib/gcc/riscv-none-embed/8.2.0/../../../../riscv-none-embed/lib/rv32ec/ilp32e/libnosys.a(isatty.o)
                0x0000000000001edc                _isatty
 .text._lseek   0x0000000000001ee8        0xc /home/chowdarymanyam/Downloads/Work-Space/Firmware/CH32V/27082024_MounRiver/MounRiver_Studio_Community_Linux_x64_V170/MRS_Community/toolchain/RISC-V Embedded GCC/bin/../lib/gcc/riscv-none-embed/8.2.0/../../../../riscv-none-embed/lib/rv32ec/ilp32e/libnosys.a(lseek.o)
                0x0000000000001ee8                _lseek
 .text._read    0x0000000000001ef4        0xc /home/chowdarymanyam/Downloads/Work-Space/Firmware/CH32V/27082024_MounRiver/MounRiver_Studio_Community_Linux_x64_V170/MRS_Community/toolchain/RISC-V Embedded GCC/bin/../lib/gcc/riscv-none-embed/8.2.0/../../../../riscv-none-embed/lib/rv32ec/ilp32e/libnosys.a(read.o)
                0x0000000000001ef4                _read
 *(.rodata)
 *(.rodata*)
 *fill*         0x0000000000001f00        0x0 
 .rodata.main.str1.4
                0x0000000000001f00       0x36 ./User/main.o
 *fill*         0x0000000000001f36        0x2 
 .rodata.__sf_fake_stderr
                0x0000000000001f38       0x20 /home/chowdarymanyam/Downloads/Work-Space/Firmware/CH32V/27082024_MounRiver/MounRiver_Studio_Community_Linux_x64_V170/MRS_Community/toolchain/RISC-V Embedded GCC/bin/../lib/gcc/riscv-none-embed/8.2.0/../../../../riscv-none-embed/lib/rv32ec/ilp32e/libg_nano.a(lib_a-findfp.o)
                0x0000000000001f38                __sf_fake_stderr
 .rodata.__sf_fake_stdin
                0x0000000000001f58       0x20 /home/chowdarymanyam/Downloads/Work-Space/Firmware/CH32V/27082024_MounRiver/MounRiver_Studio_Community_Linux_x64_V170/MRS_Community/toolchain/RISC-V Embedded GCC/bin/../lib/gcc/riscv-none-embed/8.2.0/../../../../riscv-none-embed/lib/rv32ec/ilp32e/libg_nano.a(lib_a-findfp.o)
                0x0000000000001f58                __sf_fake_stdin
 .rodata.__sf_fake_stdout
                0x0000000000001f78       0x20 /home/chowdarymanyam/Downloads/Work-Space/Firmware/CH32V/27082024_MounRiver/MounRiver_Studio_Community_Linux_x64_V170/MRS_Community/toolchain/RISC-V Embedded GCC/bin/../lib/gcc/riscv-none-embed/8.2.0/../../../../riscv-none-embed/lib/rv32ec/ilp32e/libg_nano.a(lib_a-findfp.o)
                0x0000000000001f78                __sf_fake_stdout
 .rodata._vfprintf_r.str1.4
                0x0000000000001f98       0x13 /home/chowdarymanyam/Downloads/Work-Space/Firmware/CH32V/27082024_MounRiver/MounRiver_Studio_Community_Linux_x64_V170/MRS_Community/toolchain/RISC-V Embedded GCC/bin/../lib/gcc/riscv-none-embed/8.2.0/../../../../riscv-none-embed/lib/rv32ec/ilp32e/libg_nano.a(lib_a-nano-vfprintf.o)
 *fill*         0x0000000000001fab        0x1 
 .rodata._printf_i.str1.4
                0x0000000000001fac       0x28 /home/chowdarymanyam/Downloads/Work-Space/Firmware/CH32V/27082024_MounRiver/MounRiver_Studio_Community_Linux_x64_V170/MRS_Community/toolchain/RISC-V Embedded GCC/bin/../lib/gcc/riscv-none-embed/8.2.0/../../../../riscv-none-embed/lib/rv32ec/ilp32e/libg_nano.a(lib_a-nano-vfprintf_i.o)
                                         0x25 (size before relaxing)
 *(.gnu.linkonce.t.*)
                0x0000000000001fd4                . = ALIGN (0x4)

.rela.dyn       0x0000000000001fd4        0x0
 .rela.init     0x0000000000001fd4        0x0 ./User/ch32v00x_it.o
 .rela.text.handle_reset
                0x0000000000001fd4        0x0 ./User/ch32v00x_it.o
 .rela.text._sbrk
                0x0000000000001fd4        0x0 ./User/ch32v00x_it.o
 .rela.data.curbrk.4084
                0x0000000000001fd4        0x0 ./User/ch32v00x_it.o
 .rela.text._vfprintf_r
                0x0000000000001fd4        0x0 ./User/ch32v00x_it.o
 .rela.text._sbrk_r
                0x0000000000001fd4        0x0 ./User/ch32v00x_it.o
 .rela.text._write_r
                0x0000000000001fd4        0x0 ./User/ch32v00x_it.o
 .rela.text._close_r
                0x0000000000001fd4        0x0 ./User/ch32v00x_it.o
 .rela.text._lseek_r
                0x0000000000001fd4        0x0 ./User/ch32v00x_it.o
 .rela.text._read_r
                0x0000000000001fd4        0x0 ./User/ch32v00x_it.o
 .rela.text._fstat_r
                0x0000000000001fd4        0x0 ./User/ch32v00x_it.o
 .rela.text._isatty_r
                0x0000000000001fd4        0x0 ./User/ch32v00x_it.o
 .rela.text._close
                0x0000000000001fd4        0x0 ./User/ch32v00x_it.o
 .rela.text._fstat
                0x0000000000001fd4        0x0 ./User/ch32v00x_it.o
 .rela.text._isatty
                0x0000000000001fd4        0x0 ./User/ch32v00x_it.o
 .rela.text._lseek
                0x0000000000001fd4        0x0 ./User/ch32v00x_it.o
 .rela.text._read
                0x0000000000001fd4        0x0 ./User/ch32v00x_it.o

.fini           0x0000000000001fd4        0x0
 *(SORT_NONE(.fini))
                0x0000000000001fd4                . = ALIGN (0x4)
                [!provide]                        PROVIDE (_etext = .)
                [!provide]                        PROVIDE (_eitcm = .)

.preinit_array  0x0000000000001fd4        0x0
                [!provide]                        PROVIDE (__preinit_array_start = .)
 *(.preinit_array)
                [!provide]                        PROVIDE (__preinit_array_end = .)

.init_array     0x0000000000001fd4        0x0
                [!provide]                        PROVIDE (__init_array_start = .)
 *(SORT_BY_INIT_PRIORITY(.init_array.*) SORT_BY_INIT_PRIORITY(.ctors.*))
 *(.init_array EXCLUDE_FILE(*crtend?.o *crtend.o *crtbegin?.o *crtbegin.o) .ctors)
                [!provide]                        PROVIDE (__init_array_end = .)

.fini_array     0x0000000000001fd4        0x0
                [!provide]                        PROVIDE (__fini_array_start = .)
 *(SORT_BY_INIT_PRIORITY(.fini_array.*) SORT_BY_INIT_PRIORITY(.dtors.*))
 *(.fini_array EXCLUDE_FILE(*crtend?.o *crtend.o *crtbegin?.o *crtbegin.o) .dtors)
                [!provide]                        PROVIDE (__fini_array_end = .)

.ctors
 *crtbegin.o(.ctors)
 *crtbegin?.o(.ctors)
 *(EXCLUDE_FILE(*crtend?.o *crtend.o) .ctors)
 *(SORT_BY_NAME(.ctors.*))
 *(.ctors)

.dtors
 *crtbegin.o(.dtors)
 *crtbegin?.o(.dtors)
 *(EXCLUDE_FILE(*crtend?.o *crtend.o) .dtors)
 *(SORT_BY_NAME(.dtors.*))
 *(.dtors)

.dalign         0x0000000020000000        0x0 load address 0x0000000000001fd4
                0x0000000020000000                . = ALIGN (0x4)
                0x0000000020000000                PROVIDE (_data_vma = .)

.dlalign        0x0000000000001fd4        0x0
                0x0000000000001fd4                . = ALIGN (0x4)
                0x0000000000001fd4                PROVIDE (_data_lma = .)

.data           0x0000000020000000       0xa8 load address 0x0000000000001fd4
                0x0000000020000000                . = ALIGN (0x4)
 *(.gnu.linkonce.r.*)
 *(.data .data.*)
 .data.AHBPrescTable
                0x0000000020000000       0x10 ./User/system_ch32v00x.o
                0x0000000020000000                AHBPrescTable
 .data.SystemCoreClock
                0x0000000020000010        0x4 ./User/system_ch32v00x.o
                0x0000000020000010                SystemCoreClock
 .data.ADCPrescTable
                0x0000000020000014       0x14 ./Peripheral/src/ch32v00x_rcc.o
 .data.APBAHBPrescTable
                0x0000000020000028       0x10 ./Peripheral/src/ch32v00x_rcc.o
 .data.curbrk.4084
                0x0000000020000038        0x4 ./Debug/debug.o
 .data.impure_data
                0x000000002000003c       0x60 /home/chowdarymanyam/Downloads/Work-Space/Firmware/CH32V/27082024_MounRiver/MounRiver_Studio_Community_Linux_x64_V170/MRS_Community/toolchain/RISC-V Embedded GCC/bin/../lib/gcc/riscv-none-embed/8.2.0/../../../../riscv-none-embed/lib/rv32ec/ilp32e/libg_nano.a(lib_a-impure.o)
 *(.gnu.linkonce.d.*)
                0x00000000200000a0                . = ALIGN (0x8)
 *fill*         0x000000002000009c        0x4 
                0x00000000200008a0                PROVIDE (__global_pointer$ = (. + 0x800))
 *(.sdata .sdata.*)
 .sdata._impure_ptr
                0x00000000200000a0        0x4 /home/chowdarymanyam/Downloads/Work-Space/Firmware/CH32V/27082024_MounRiver/MounRiver_Studio_Community_Linux_x64_V170/MRS_Community/toolchain/RISC-V Embedded GCC/bin/../lib/gcc/riscv-none-embed/8.2.0/../../../../riscv-none-embed/lib/rv32ec/ilp32e/libg_nano.a(lib_a-impure.o)
                0x00000000200000a0                _impure_ptr
 *(.sdata2*)
 .sdata2._global_impure_ptr
                0x00000000200000a4        0x4 /home/chowdarymanyam/Downloads/Work-Space/Firmware/CH32V/27082024_MounRiver/MounRiver_Studio_Community_Linux_x64_V170/MRS_Community/toolchain/RISC-V Embedded GCC/bin/../lib/gcc/riscv-none-embed/8.2.0/../../../../riscv-none-embed/lib/rv32ec/ilp32e/libg_nano.a(lib_a-impure.o)
                0x00000000200000a4                _global_impure_ptr
 *(.gnu.linkonce.s.*)
                0x00000000200000a8                . = ALIGN (0x8)
 *(.srodata.cst16)
 *(.srodata.cst8)
 *(.srodata.cst4)
 *(.srodata.cst2)
 *(.srodata .srodata.*)
                0x00000000200000a8                . = ALIGN (0x4)
                0x00000000200000a8                PROVIDE (_edata = .)

.bss            0x00000000200000a8       0x18 load address 0x000000000000207c
                0x00000000200000a8                . = ALIGN (0x4)
                0x00000000200000a8                PROVIDE (_sbss = .)
 *(.sbss*)
 .sbss.__malloc_free_list
                0x00000000200000a8        0x4 /home/chowdarymanyam/Downloads/Work-Space/Firmware/CH32V/27082024_MounRiver/MounRiver_Studio_Community_Linux_x64_V170/MRS_Community/toolchain/RISC-V Embedded GCC/bin/../lib/gcc/riscv-none-embed/8.2.0/../../../../riscv-none-embed/lib/rv32ec/ilp32e/libg_nano.a(lib_a-nano-mallocr.o)
                0x00000000200000a8                __malloc_free_list
 .sbss.__malloc_sbrk_start
                0x00000000200000ac        0x4 /home/chowdarymanyam/Downloads/Work-Space/Firmware/CH32V/27082024_MounRiver/MounRiver_Studio_Community_Linux_x64_V170/MRS_Community/toolchain/RISC-V Embedded GCC/bin/../lib/gcc/riscv-none-embed/8.2.0/../../../../riscv-none-embed/lib/rv32ec/ilp32e/libg_nano.a(lib_a-nano-mallocr.o)
                0x00000000200000ac                __malloc_sbrk_start
 *(.gnu.linkonce.sb.*)
 *(.bss*)
 .bss.data_buffer
                0x00000000200000b0        0x6 ./User/main.o
                0x00000000200000b0                data_buffer
 .bss.p_ms      0x00000000200000b6        0x2 ./Debug/debug.o
 .bss.p_us      0x00000000200000b8        0x1 ./Debug/debug.o
 *(.gnu.linkonce.b.*)
 *(COMMON*)
 *fill*         0x00000000200000b9        0x3 
 COMMON         0x00000000200000bc        0x4 /home/chowdarymanyam/Downloads/Work-Space/Firmware/CH32V/27082024_MounRiver/MounRiver_Studio_Community_Linux_x64_V170/MRS_Community/toolchain/RISC-V Embedded GCC/bin/../lib/gcc/riscv-none-embed/8.2.0/../../../../riscv-none-embed/lib/rv32ec/ilp32e/libg_nano.a(lib_a-reent.o)
                0x00000000200000bc                errno
                0x00000000200000c0                . = ALIGN (0x4)
                0x00000000200000c0                PROVIDE (_ebss = .)
                0x00000000200000c0                PROVIDE (_end = _ebss)
                [!provide]                        PROVIDE (end = .)

.stack          0x0000000020000700      0x100
                0x0000000020000700                PROVIDE (_heap_end = .)
                0x0000000020000700                . = ALIGN (0x4)
                [!provide]                        PROVIDE (_susrstack = .)
                0x0000000020000800                . = (. + __stack_size)
 *fill*         0x0000000020000700      0x100 
                0x0000000020000800                PROVIDE (_eusrstack = .)
OUTPUT(MPU6050-Interface.elf elf32-littleriscv)

.debug_info     0x0000000000000000     0x8b34
 .debug_info    0x0000000000000000      0x962 ./User/ch32v00x_it.o
 .debug_info    0x0000000000000962     0x1323 ./User/main.o
 .debug_info    0x0000000000001c85      0xc94 ./User/system_ch32v00x.o
 .debug_info    0x0000000000002919       0x22 ./Startup/startup_ch32v00x.o
 .debug_info    0x000000000000293b      0xa94 ./Peripheral/src/ch32v00x_dbgmcu.o
 .debug_info    0x00000000000033cf     0x103a ./Peripheral/src/ch32v00x_gpio.o
 .debug_info    0x0000000000004409     0x1417 ./Peripheral/src/ch32v00x_i2c.o
 .debug_info    0x0000000000005820     0x108c ./Peripheral/src/ch32v00x_rcc.o
 .debug_info    0x00000000000068ac     0x1351 ./Peripheral/src/ch32v00x_usart.o
 .debug_info    0x0000000000007bfd      0xf37 ./Debug/debug.o

.debug_abbrev   0x0000000000000000     0x1b47
 .debug_abbrev  0x0000000000000000      0x1cf ./User/ch32v00x_it.o
 .debug_abbrev  0x00000000000001cf      0x316 ./User/main.o
 .debug_abbrev  0x00000000000004e5      0x2ee ./User/system_ch32v00x.o
 .debug_abbrev  0x00000000000007d3       0x12 ./Startup/startup_ch32v00x.o
 .debug_abbrev  0x00000000000007e5      0x2f7 ./Peripheral/src/ch32v00x_dbgmcu.o
 .debug_abbrev  0x0000000000000adc      0x309 ./Peripheral/src/ch32v00x_gpio.o
 .debug_abbrev  0x0000000000000de5      0x3a7 ./Peripheral/src/ch32v00x_i2c.o
 .debug_abbrev  0x000000000000118c      0x389 ./Peripheral/src/ch32v00x_rcc.o
 .debug_abbrev  0x0000000000001515      0x323 ./Peripheral/src/ch32v00x_usart.o
 .debug_abbrev  0x0000000000001838      0x30f ./Debug/debug.o

.debug_aranges  0x0000000000000000      0x4d8
 .debug_aranges
                0x0000000000000000       0x28 ./User/ch32v00x_it.o
 .debug_aranges
                0x0000000000000028       0x40 ./User/main.o
 .debug_aranges
                0x0000000000000068       0x28 ./User/system_ch32v00x.o
 .debug_aranges
                0x0000000000000090       0x30 ./Startup/startup_ch32v00x.o
 .debug_aranges
                0x00000000000000c0       0x48 ./Peripheral/src/ch32v00x_dbgmcu.o
 .debug_aranges
                0x0000000000000108       0x98 ./Peripheral/src/ch32v00x_gpio.o
 .debug_aranges
                0x00000000000001a0      0x108 ./Peripheral/src/ch32v00x_i2c.o
 .debug_aranges
                0x00000000000002a8       0xe0 ./Peripheral/src/ch32v00x_rcc.o
 .debug_aranges
                0x0000000000000388      0x100 ./Peripheral/src/ch32v00x_usart.o
 .debug_aranges
                0x0000000000000488       0x50 ./Debug/debug.o

.debug_ranges   0x0000000000000000      0x4a8
 .debug_ranges  0x0000000000000000       0x18 ./User/ch32v00x_it.o
 .debug_ranges  0x0000000000000018       0x48 ./User/main.o
 .debug_ranges  0x0000000000000060       0x50 ./User/system_ch32v00x.o
 .debug_ranges  0x00000000000000b0       0x28 ./Startup/startup_ch32v00x.o
 .debug_ranges  0x00000000000000d8       0x50 ./Peripheral/src/ch32v00x_dbgmcu.o
 .debug_ranges  0x0000000000000128       0x88 ./Peripheral/src/ch32v00x_gpio.o
 .debug_ranges  0x00000000000001b0       0xf8 ./Peripheral/src/ch32v00x_i2c.o
 .debug_ranges  0x00000000000002a8       0xd0 ./Peripheral/src/ch32v00x_rcc.o
 .debug_ranges  0x0000000000000378       0xf0 ./Peripheral/src/ch32v00x_usart.o
 .debug_ranges  0x0000000000000468       0x40 ./Debug/debug.o

.debug_line     0x0000000000000000     0x6d50
 .debug_line    0x0000000000000000      0x3c0 ./User/ch32v00x_it.o
 .debug_line    0x00000000000003c0      0xd3d ./User/main.o
 .debug_line    0x00000000000010fd      0x8ff ./User/system_ch32v00x.o
 .debug_line    0x00000000000019fc      0x112 ./Startup/startup_ch32v00x.o
 .debug_line    0x0000000000001b0e      0x555 ./Peripheral/src/ch32v00x_dbgmcu.o
 .debug_line    0x0000000000002063      0xf4a ./Peripheral/src/ch32v00x_gpio.o
 .debug_line    0x0000000000002fad     0x12ad ./Peripheral/src/ch32v00x_i2c.o
 .debug_line    0x000000000000425a     0x101f ./Peripheral/src/ch32v00x_rcc.o
 .debug_line    0x0000000000005279     0x1137 ./Peripheral/src/ch32v00x_usart.o
 .debug_line    0x00000000000063b0      0x9a0 ./Debug/debug.o

.debug_str      0x0000000000000000     0x1755
 .debug_str     0x0000000000000000      0x5a4 ./User/ch32v00x_it.o
                                        0x605 (size before relaxing)
 .debug_str     0x00000000000005a4      0x41d ./User/main.o
                                        0xa19 (size before relaxing)
 .debug_str     0x00000000000009c1      0x131 ./User/system_ch32v00x.o
                                        0x79d (size before relaxing)
 .debug_str     0x0000000000000af2       0x2a ./Startup/startup_ch32v00x.o
                                         0xb5 (size before relaxing)
 .debug_str     0x0000000000000b1c       0x97 ./Peripheral/src/ch32v00x_dbgmcu.o
                                        0x695 (size before relaxing)
 .debug_str     0x0000000000000bb3      0x1ed ./Peripheral/src/ch32v00x_gpio.o
                                        0x998 (size before relaxing)
 .debug_str     0x0000000000000da0      0x305 ./Peripheral/src/ch32v00x_i2c.o
                                        0xb01 (size before relaxing)
 .debug_str     0x00000000000010a5      0x210 ./Peripheral/src/ch32v00x_rcc.o
                                        0xa00 (size before relaxing)
 .debug_str     0x00000000000012b5      0x410 ./Peripheral/src/ch32v00x_usart.o
                                        0xb4f (size before relaxing)
 .debug_str     0x00000000000016c5       0x90 ./Debug/debug.o
                                        0x956 (size before relaxing)

.comment        0x0000000000000000       0x33
 .comment       0x0000000000000000       0x33 ./User/ch32v00x_it.o
                                         0x34 (size before relaxing)
 .comment       0x0000000000000033       0x34 ./User/main.o
 .comment       0x0000000000000033       0x34 ./User/system_ch32v00x.o
 .comment       0x0000000000000033       0x34 ./Peripheral/src/ch32v00x_dbgmcu.o
 .comment       0x0000000000000033       0x34 ./Peripheral/src/ch32v00x_gpio.o
 .comment       0x0000000000000033       0x34 ./Peripheral/src/ch32v00x_i2c.o
 .comment       0x0000000000000033       0x34 ./Peripheral/src/ch32v00x_rcc.o
 .comment       0x0000000000000033       0x34 ./Peripheral/src/ch32v00x_usart.o
 .comment       0x0000000000000033       0x34 ./Debug/debug.o

.debug_frame    0x0000000000000000     0x1214
 .debug_frame   0x0000000000000000       0x30 ./User/ch32v00x_it.o
 .debug_frame   0x0000000000000030       0xb8 ./User/main.o
 .debug_frame   0x00000000000000e8       0x58 ./User/system_ch32v00x.o
 .debug_frame   0x0000000000000140       0x70 ./Peripheral/src/ch32v00x_dbgmcu.o
 .debug_frame   0x00000000000001b0      0x150 ./Peripheral/src/ch32v00x_gpio.o
 .debug_frame   0x0000000000000300      0x254 ./Peripheral/src/ch32v00x_i2c.o
 .debug_frame   0x0000000000000554      0x1dc ./Peripheral/src/ch32v00x_rcc.o
 .debug_frame   0x0000000000000730      0x204 ./Peripheral/src/ch32v00x_usart.o
 .debug_frame   0x0000000000000934       0xe4 ./Debug/debug.o
 .debug_frame   0x0000000000000a18       0x54 /home/chowdarymanyam/Downloads/Work-Space/Firmware/CH32V/27082024_MounRiver/MounRiver_Studio_Community_Linux_x64_V170/MRS_Community/toolchain/RISC-V Embedded GCC/bin/../lib/gcc/riscv-none-embed/8.2.0/../../../../riscv-none-embed/lib/rv32ec/ilp32e/libg_nano.a(lib_a-printf.o)
 .debug_frame   0x0000000000000a6c      0x13c /home/chowdarymanyam/Downloads/Work-Space/Firmware/CH32V/27082024_MounRiver/MounRiver_Studio_Community_Linux_x64_V170/MRS_Community/toolchain/RISC-V Embedded GCC/bin/../lib/gcc/riscv-none-embed/8.2.0/../../../../riscv-none-embed/lib/rv32ec/ilp32e/libg_nano.a(lib_a-findfp.o)
 .debug_frame   0x0000000000000ba8       0x60 /home/chowdarymanyam/Downloads/Work-Space/Firmware/CH32V/27082024_MounRiver/MounRiver_Studio_Community_Linux_x64_V170/MRS_Community/toolchain/RISC-V Embedded GCC/bin/../lib/gcc/riscv-none-embed/8.2.0/../../../../riscv-none-embed/lib/rv32ec/ilp32e/libg_nano.a(lib_a-fwalk.o)
 .debug_frame   0x0000000000000c08       0x38 /home/chowdarymanyam/Downloads/Work-Space/Firmware/CH32V/27082024_MounRiver/MounRiver_Studio_Community_Linux_x64_V170/MRS_Community/toolchain/RISC-V Embedded GCC/bin/../lib/gcc/riscv-none-embed/8.2.0/../../../../riscv-none-embed/lib/rv32ec/ilp32e/libg_nano.a(lib_a-nano-mallocr.o)
 .debug_frame   0x0000000000000c40       0xa4 /home/chowdarymanyam/Downloads/Work-Space/Firmware/CH32V/27082024_MounRiver/MounRiver_Studio_Community_Linux_x64_V170/MRS_Community/toolchain/RISC-V Embedded GCC/bin/../lib/gcc/riscv-none-embed/8.2.0/../../../../riscv-none-embed/lib/rv32ec/ilp32e/libg_nano.a(lib_a-nano-vfprintf.o)
 .debug_frame   0x0000000000000ce4       0x60 /home/chowdarymanyam/Downloads/Work-Space/Firmware/CH32V/27082024_MounRiver/MounRiver_Studio_Community_Linux_x64_V170/MRS_Community/toolchain/RISC-V Embedded GCC/bin/../lib/gcc/riscv-none-embed/8.2.0/../../../../riscv-none-embed/lib/rv32ec/ilp32e/libg_nano.a(lib_a-nano-vfprintf_i.o)
 .debug_frame   0x0000000000000d44       0x30 /home/chowdarymanyam/Downloads/Work-Space/Firmware/CH32V/27082024_MounRiver/MounRiver_Studio_Community_Linux_x64_V170/MRS_Community/toolchain/RISC-V Embedded GCC/bin/../lib/gcc/riscv-none-embed/8.2.0/../../../../riscv-none-embed/lib/rv32ec/ilp32e/libg_nano.a(lib_a-sbrkr.o)
 .debug_frame   0x0000000000000d74       0x9c /home/chowdarymanyam/Downloads/Work-Space/Firmware/CH32V/27082024_MounRiver/MounRiver_Studio_Community_Linux_x64_V170/MRS_Community/toolchain/RISC-V Embedded GCC/bin/../lib/gcc/riscv-none-embed/8.2.0/../../../../riscv-none-embed/lib/rv32ec/ilp32e/libg_nano.a(lib_a-stdio.o)
 .debug_frame   0x0000000000000e10       0x48 /home/chowdarymanyam/Downloads/Work-Space/Firmware/CH32V/27082024_MounRiver/MounRiver_Studio_Community_Linux_x64_V170/MRS_Community/toolchain/RISC-V Embedded GCC/bin/../lib/gcc/riscv-none-embed/8.2.0/../../../../riscv-none-embed/lib/rv32ec/ilp32e/libg_nano.a(lib_a-wbuf.o)
 .debug_frame   0x0000000000000e58       0x30 /home/chowdarymanyam/Downloads/Work-Space/Firmware/CH32V/27082024_MounRiver/MounRiver_Studio_Community_Linux_x64_V170/MRS_Community/toolchain/RISC-V Embedded GCC/bin/../lib/gcc/riscv-none-embed/8.2.0/../../../../riscv-none-embed/lib/rv32ec/ilp32e/libg_nano.a(lib_a-writer.o)
 .debug_frame   0x0000000000000e88       0x38 /home/chowdarymanyam/Downloads/Work-Space/Firmware/CH32V/27082024_MounRiver/MounRiver_Studio_Community_Linux_x64_V170/MRS_Community/toolchain/RISC-V Embedded GCC/bin/../lib/gcc/riscv-none-embed/8.2.0/../../../../riscv-none-embed/lib/rv32ec/ilp32e/libg_nano.a(lib_a-wsetup.o)
 .debug_frame   0x0000000000000ec0       0x30 /home/chowdarymanyam/Downloads/Work-Space/Firmware/CH32V/27082024_MounRiver/MounRiver_Studio_Community_Linux_x64_V170/MRS_Community/toolchain/RISC-V Embedded GCC/bin/../lib/gcc/riscv-none-embed/8.2.0/../../../../riscv-none-embed/lib/rv32ec/ilp32e/libg_nano.a(lib_a-closer.o)
 .debug_frame   0x0000000000000ef0       0x74 /home/chowdarymanyam/Downloads/Work-Space/Firmware/CH32V/27082024_MounRiver/MounRiver_Studio_Community_Linux_x64_V170/MRS_Community/toolchain/RISC-V Embedded GCC/bin/../lib/gcc/riscv-none-embed/8.2.0/../../../../riscv-none-embed/lib/rv32ec/ilp32e/libg_nano.a(lib_a-fflush.o)
 .debug_frame   0x0000000000000f64       0x30 /home/chowdarymanyam/Downloads/Work-Space/Firmware/CH32V/27082024_MounRiver/MounRiver_Studio_Community_Linux_x64_V170/MRS_Community/toolchain/RISC-V Embedded GCC/bin/../lib/gcc/riscv-none-embed/8.2.0/../../../../riscv-none-embed/lib/rv32ec/ilp32e/libg_nano.a(lib_a-lseekr.o)
 .debug_frame   0x0000000000000f94       0x5c /home/chowdarymanyam/Downloads/Work-Space/Firmware/CH32V/27082024_MounRiver/MounRiver_Studio_Community_Linux_x64_V170/MRS_Community/toolchain/RISC-V Embedded GCC/bin/../lib/gcc/riscv-none-embed/8.2.0/../../../../riscv-none-embed/lib/rv32ec/ilp32e/libg_nano.a(lib_a-makebuf.o)
 .debug_frame   0x0000000000000ff0       0x20 /home/chowdarymanyam/Downloads/Work-Space/Firmware/CH32V/27082024_MounRiver/MounRiver_Studio_Community_Linux_x64_V170/MRS_Community/toolchain/RISC-V Embedded GCC/bin/../lib/gcc/riscv-none-embed/8.2.0/../../../../riscv-none-embed/lib/rv32ec/ilp32e/libg_nano.a(lib_a-memchr.o)
 .debug_frame   0x0000000000001010       0x30 /home/chowdarymanyam/Downloads/Work-Space/Firmware/CH32V/27082024_MounRiver/MounRiver_Studio_Community_Linux_x64_V170/MRS_Community/toolchain/RISC-V Embedded GCC/bin/../lib/gcc/riscv-none-embed/8.2.0/../../../../riscv-none-embed/lib/rv32ec/ilp32e/libg_nano.a(lib_a-mlock.o)
 .debug_frame   0x0000000000001040       0x40 /home/chowdarymanyam/Downloads/Work-Space/Firmware/CH32V/27082024_MounRiver/MounRiver_Studio_Community_Linux_x64_V170/MRS_Community/toolchain/RISC-V Embedded GCC/bin/../lib/gcc/riscv-none-embed/8.2.0/../../../../riscv-none-embed/lib/rv32ec/ilp32e/libg_nano.a(lib_a-nano-freer.o)
 .debug_frame   0x0000000000001080       0x30 /home/chowdarymanyam/Downloads/Work-Space/Firmware/CH32V/27082024_MounRiver/MounRiver_Studio_Community_Linux_x64_V170/MRS_Community/toolchain/RISC-V Embedded GCC/bin/../lib/gcc/riscv-none-embed/8.2.0/../../../../riscv-none-embed/lib/rv32ec/ilp32e/libg_nano.a(lib_a-readr.o)
 .debug_frame   0x00000000000010b0       0x64 /home/chowdarymanyam/Downloads/Work-Space/Firmware/CH32V/27082024_MounRiver/MounRiver_Studio_Community_Linux_x64_V170/MRS_Community/toolchain/RISC-V Embedded GCC/bin/../lib/gcc/riscv-none-embed/8.2.0/../../../../riscv-none-embed/lib/rv32ec/ilp32e/libg_nano.a(lib_a-reent.o)
 .debug_frame   0x0000000000001114       0x30 /home/chowdarymanyam/Downloads/Work-Space/Firmware/CH32V/27082024_MounRiver/MounRiver_Studio_Community_Linux_x64_V170/MRS_Community/toolchain/RISC-V Embedded GCC/bin/../lib/gcc/riscv-none-embed/8.2.0/../../../../riscv-none-embed/lib/rv32ec/ilp32e/libg_nano.a(lib_a-fstatr.o)
 .debug_frame   0x0000000000001144       0x30 /home/chowdarymanyam/Downloads/Work-Space/Firmware/CH32V/27082024_MounRiver/MounRiver_Studio_Community_Linux_x64_V170/MRS_Community/toolchain/RISC-V Embedded GCC/bin/../lib/gcc/riscv-none-embed/8.2.0/../../../../riscv-none-embed/lib/rv32ec/ilp32e/libg_nano.a(lib_a-isattyr.o)
 .debug_frame   0x0000000000001174       0x20 /home/chowdarymanyam/Downloads/Work-Space/Firmware/CH32V/27082024_MounRiver/MounRiver_Studio_Community_Linux_x64_V170/MRS_Community/toolchain/RISC-V Embedded GCC/bin/../lib/gcc/riscv-none-embed/8.2.0/../../../../riscv-none-embed/lib/rv32ec/ilp32e/libnosys.a(close.o)
 .debug_frame   0x0000000000001194       0x20 /home/chowdarymanyam/Downloads/Work-Space/Firmware/CH32V/27082024_MounRiver/MounRiver_Studio_Community_Linux_x64_V170/MRS_Community/toolchain/RISC-V Embedded GCC/bin/../lib/gcc/riscv-none-embed/8.2.0/../../../../riscv-none-embed/lib/rv32ec/ilp32e/libnosys.a(fstat.o)
 .debug_frame   0x00000000000011b4       0x20 /home/chowdarymanyam/Downloads/Work-Space/Firmware/CH32V/27082024_MounRiver/MounRiver_Studio_Community_Linux_x64_V170/MRS_Community/toolchain/RISC-V Embedded GCC/bin/../lib/gcc/riscv-none-embed/8.2.0/../../../../riscv-none-embed/lib/rv32ec/ilp32e/libnosys.a(isatty.o)
 .debug_frame   0x00000000000011d4       0x20 /home/chowdarymanyam/Downloads/Work-Space/Firmware/CH32V/27082024_MounRiver/MounRiver_Studio_Community_Linux_x64_V170/MRS_Community/toolchain/RISC-V Embedded GCC/bin/../lib/gcc/riscv-none-embed/8.2.0/../../../../riscv-none-embed/lib/rv32ec/ilp32e/libnosys.a(lseek.o)
 .debug_frame   0x00000000000011f4       0x20 /home/chowdarymanyam/Downloads/Work-Space/Firmware/CH32V/27082024_MounRiver/MounRiver_Studio_Community_Linux_x64_V170/MRS_Community/toolchain/RISC-V Embedded GCC/bin/../lib/gcc/riscv-none-embed/8.2.0/../../../../riscv-none-embed/lib/rv32ec/ilp32e/libnosys.a(read.o)

.debug_loc      0x0000000000000000     0x1efc
 .debug_loc     0x0000000000000000      0x1a1 ./User/main.o
 .debug_loc     0x00000000000001a1       0x55 ./User/system_ch32v00x.o
 .debug_loc     0x00000000000001f6       0x6e ./Peripheral/src/ch32v00x_dbgmcu.o
 .debug_loc     0x0000000000000264      0x6cf ./Peripheral/src/ch32v00x_gpio.o
 .debug_loc     0x0000000000000933      0x720 ./Peripheral/src/ch32v00x_i2c.o
 .debug_loc     0x0000000000001053      0x5d8 ./Peripheral/src/ch32v00x_rcc.o
 .debug_loc     0x000000000000162b      0x735 ./Peripheral/src/ch32v00x_usart.o
 .debug_loc     0x0000000000001d60      0x19c ./Debug/debug.o

.stab           0x0000000000000000       0x84
 .stab          0x0000000000000000       0x24 /home/chowdarymanyam/Downloads/Work-Space/Firmware/CH32V/27082024_MounRiver/MounRiver_Studio_Community_Linux_x64_V170/MRS_Community/toolchain/RISC-V Embedded GCC/bin/../lib/gcc/riscv-none-embed/8.2.0/../../../../riscv-none-embed/lib/rv32ec/ilp32e/libnosys.a(close.o)
 .stab          0x0000000000000024       0x18 /home/chowdarymanyam/Downloads/Work-Space/Firmware/CH32V/27082024_MounRiver/MounRiver_Studio_Community_Linux_x64_V170/MRS_Community/toolchain/RISC-V Embedded GCC/bin/../lib/gcc/riscv-none-embed/8.2.0/../../../../riscv-none-embed/lib/rv32ec/ilp32e/libnosys.a(fstat.o)
                                         0x24 (size before relaxing)
 .stab          0x000000000000003c       0x18 /home/chowdarymanyam/Downloads/Work-Space/Firmware/CH32V/27082024_MounRiver/MounRiver_Studio_Community_Linux_x64_V170/MRS_Community/toolchain/RISC-V Embedded GCC/bin/../lib/gcc/riscv-none-embed/8.2.0/../../../../riscv-none-embed/lib/rv32ec/ilp32e/libnosys.a(isatty.o)
                                         0x24 (size before relaxing)
 .stab          0x0000000000000054       0x18 /home/chowdarymanyam/Downloads/Work-Space/Firmware/CH32V/27082024_MounRiver/MounRiver_Studio_Community_Linux_x64_V170/MRS_Community/toolchain/RISC-V Embedded GCC/bin/../lib/gcc/riscv-none-embed/8.2.0/../../../../riscv-none-embed/lib/rv32ec/ilp32e/libnosys.a(lseek.o)
                                         0x24 (size before relaxing)
 .stab          0x000000000000006c       0x18 /home/chowdarymanyam/Downloads/Work-Space/Firmware/CH32V/27082024_MounRiver/MounRiver_Studio_Community_Linux_x64_V170/MRS_Community/toolchain/RISC-V Embedded GCC/bin/../lib/gcc/riscv-none-embed/8.2.0/../../../../riscv-none-embed/lib/rv32ec/ilp32e/libnosys.a(read.o)
                                         0x24 (size before relaxing)

.stabstr        0x0000000000000000      0x117
 .stabstr       0x0000000000000000      0x117 /home/chowdarymanyam/Downloads/Work-Space/Firmware/CH32V/27082024_MounRiver/MounRiver_Studio_Community_Linux_x64_V170/MRS_Community/toolchain/RISC-V Embedded GCC/bin/../lib/gcc/riscv-none-embed/8.2.0/../../../../riscv-none-embed/lib/rv32ec/ilp32e/libnosys.a(close.o)
