Archive member included to satisfy reference by file (symbol)

/home/chowdarymanyam/Downloads/Work-Space/Firmware/CH32V/27082024_MounRiver/MounRiver_Studio_Community_Linux_x64_V170/MRS_Community/toolchain/RISC-V Embedded GCC/bin/../lib/gcc/riscv-none-embed/8.2.0/rv32ec/ilp32e/libgcc.a(save-restore.o)
                              ./User/main.o (__riscv_save_2)
/home/chowdarymanyam/Downloads/Work-Space/Firmware/CH32V/27082024_MounRiver/MounRiver_Studio_Community_Linux_x64_V170/MRS_Community/toolchain/RISC-V Embedded GCC/bin/../lib/gcc/riscv-none-embed/8.2.0/rv32ec/ilp32e/libgcc.a(muldi3.o)
                              ./Debug/debug.o (__mulsi3)
/home/chowdarymanyam/Downloads/Work-Space/Firmware/CH32V/27082024_MounRiver/MounRiver_Studio_Community_Linux_x64_V170/MRS_Community/toolchain/RISC-V Embedded GCC/bin/../lib/gcc/riscv-none-embed/8.2.0/rv32ec/ilp32e/libgcc.a(div.o)
                              ./Peripheral/src/ch32v00x_usart.o (__divsi3)
/home/chowdarymanyam/Downloads/Work-Space/Firmware/CH32V/27082024_MounRiver/MounRiver_Studio_Community_Linux_x64_V170/MRS_Community/toolchain/RISC-V Embedded GCC/bin/../lib/gcc/riscv-none-embed/8.2.0/../../../../riscv-none-embed/lib/rv32ec/ilp32e/libg_nano.a(lib_a-printf.o)
                              ./User/main.o (printf)
/home/chowdarymanyam/Downloads/Work-Space/Firmware/CH32V/27082024_MounRiver/MounRiver_Studio_Community_Linux_x64_V170/MRS_Community/toolchain/RISC-V Embedded GCC/bin/../lib/gcc/riscv-none-embed/8.2.0/../../../../riscv-none-embed/lib/rv32ec/ilp32e/libg_nano.a(lib_a-puts.o)
                              ./User/main.o (puts)
/home/chowdarymanyam/Downloads/Work-Space/Firmware/CH32V/27082024_MounRiver/MounRiver_Studio_Community_Linux_x64_V170/MRS_Community/toolchain/RISC-V Embedded GCC/bin/../lib/gcc/riscv-none-embed/8.2.0/../../../../riscv-none-embed/lib/rv32ec/ilp32e/libg_nano.a(lib_a-wbuf.o)
                              /home/chowdarymanyam/Downloads/Work-Space/Firmware/CH32V/27082024_MounRiver/MounRiver_Studio_Community_Linux_x64_V170/MRS_Community/toolchain/RISC-V Embedded GCC/bin/../lib/gcc/riscv-none-embed/8.2.0/../../../../riscv-none-embed/lib/rv32ec/ilp32e/libg_nano.a(lib_a-puts.o) (__swbuf_r)
/home/chowdarymanyam/Downloads/Work-Space/Firmware/CH32V/27082024_MounRiver/MounRiver_Studio_Community_Linux_x64_V170/MRS_Community/toolchain/RISC-V Embedded GCC/bin/../lib/gcc/riscv-none-embed/8.2.0/../../../../riscv-none-embed/lib/rv32ec/ilp32e/libg_nano.a(lib_a-wsetup.o)
                              /home/chowdarymanyam/Downloads/Work-Space/Firmware/CH32V/27082024_MounRiver/MounRiver_Studio_Community_Linux_x64_V170/MRS_Community/toolchain/RISC-V Embedded GCC/bin/../lib/gcc/riscv-none-embed/8.2.0/../../../../riscv-none-embed/lib/rv32ec/ilp32e/libg_nano.a(lib_a-puts.o) (__swsetup_r)
/home/chowdarymanyam/Downloads/Work-Space/Firmware/CH32V/27082024_MounRiver/MounRiver_Studio_Community_Linux_x64_V170/MRS_Community/toolchain/RISC-V Embedded GCC/bin/../lib/gcc/riscv-none-embed/8.2.0/../../../../riscv-none-embed/lib/rv32ec/ilp32e/libg_nano.a(lib_a-fflush.o)
                              /home/chowdarymanyam/Downloads/Work-Space/Firmware/CH32V/27082024_MounRiver/MounRiver_Studio_Community_Linux_x64_V170/MRS_Community/toolchain/RISC-V Embedded GCC/bin/../lib/gcc/riscv-none-embed/8.2.0/../../../../riscv-none-embed/lib/rv32ec/ilp32e/libg_nano.a(lib_a-wbuf.o) (_fflush_r)
/home/chowdarymanyam/Downloads/Work-Space/Firmware/CH32V/27082024_MounRiver/MounRiver_Studio_Community_Linux_x64_V170/MRS_Community/toolchain/RISC-V Embedded GCC/bin/../lib/gcc/riscv-none-embed/8.2.0/../../../../riscv-none-embed/lib/rv32ec/ilp32e/libg_nano.a(lib_a-findfp.o)
                              /home/chowdarymanyam/Downloads/Work-Space/Firmware/CH32V/27082024_MounRiver/MounRiver_Studio_Community_Linux_x64_V170/MRS_Community/toolchain/RISC-V Embedded GCC/bin/../lib/gcc/riscv-none-embed/8.2.0/../../../../riscv-none-embed/lib/rv32ec/ilp32e/libg_nano.a(lib_a-printf.o) (__sinit)
/home/chowdarymanyam/Downloads/Work-Space/Firmware/CH32V/27082024_MounRiver/MounRiver_Studio_Community_Linux_x64_V170/MRS_Community/toolchain/RISC-V Embedded GCC/bin/../lib/gcc/riscv-none-embed/8.2.0/../../../../riscv-none-embed/lib/rv32ec/ilp32e/libg_nano.a(lib_a-fwalk.o)
                              /home/chowdarymanyam/Downloads/Work-Space/Firmware/CH32V/27082024_MounRiver/MounRiver_Studio_Community_Linux_x64_V170/MRS_Community/toolchain/RISC-V Embedded GCC/bin/../lib/gcc/riscv-none-embed/8.2.0/../../../../riscv-none-embed/lib/rv32ec/ilp32e/libg_nano.a(lib_a-findfp.o) (_fwalk)
/home/chowdarymanyam/Downloads/Work-Space/Firmware/CH32V/27082024_MounRiver/MounRiver_Studio_Community_Linux_x64_V170/MRS_Community/toolchain/RISC-V Embedded GCC/bin/../lib/gcc/riscv-none-embed/8.2.0/../../../../riscv-none-embed/lib/rv32ec/ilp32e/libg_nano.a(lib_a-impure.o)
[...]
Memory Configuration

Name             Origin             Length             Attributes
FLASH            0x0000000000000000 0x0000000000004000 xr
RAM              0x0000000020000000 0x0000000000000800 xrw
*default*        0x0000000000000000 0xffffffffffffffff

Linker script and memory map

LOAD ./User/ch32v00x_it.o
LOAD ./User/main.o
LOAD ./User/system_ch32v00x.o
LOAD ./Startup/startup_ch32v00x.o
LOAD ./Peripheral/src/ch32v00x_adc.o
LOAD ./Peripheral/src/ch32v00x_dbgmcu.o
LOAD ./Peripheral/src/ch32v00x_dma.o
LOAD ./Peripheral/src/ch32v00x_exti.o
LOAD ./Peripheral/src/ch32v00x_flash.o
LOAD ./Peripheral/src/ch32v00x_gpio.o
LOAD ./Peripheral/src/ch32v00x_i2c.o
LOAD ./Peripheral/src/ch32v00x_iwdg.o
LOAD ./Peripheral/src/ch32v00x_misc.o
LOAD ./Peripheral/src/ch32v00x_opa.o
LOAD ./Peripheral/src/ch32v00x_pwr.o
LOAD ./Peripheral/src/ch32v00x_rcc.o
LOAD ./Peripheral/src/ch32v00x_spi.o
LOAD ./Peripheral/src/ch32v00x_tim.o
LOAD ./Peripheral/src/ch32v00x_usart.o
LOAD ./Peripheral/src/ch32v00x_wwdg.o
LOAD ./Debug/debug.o
LOAD ./Core/core_riscv.o
LOAD /home/chowdarymanyam/Downloads/Work-Space/Firmware/CH32V/27082024_MounRiver/MounRiver_Studio_Community_Linux_x64_V170/MRS_Community/toolchain/RISC-V Embedded GCC/bin/../lib/gcc/riscv-none-embed/8.2.0/rv32ec/ilp32e/libgcc.a
LOAD /home/chowdarymanyam/Downloads/Work-Space/Firmware/CH32V/27082024_MounRiver/MounRiver_Studio_Community_Linux_x64_V170/MRS_Community/toolchain/RISC-V Embedded GCC/bin/../lib/gcc/riscv-none-embed/8.2.0/../../../../riscv-none-embed/lib/rv32ec/ilp32e/libg_nano.a
LOAD /home/chowdarymanyam/Downloads/Work-Space/Firmware/CH32V/27082024_MounRiver/MounRiver_Studio_Community_Linux_x64_V170/MRS_Community/toolchain/RISC-V Embedded GCC/bin/../lib/gcc/riscv-none-embed/8.2.0/../../../../riscv-none-embed/lib/rv32ec/ilp32e/libc_nano.a
LOAD /home/chowdarymanyam/Downloads/Work-Space/Firmware/CH32V/27082024_MounRiver/MounRiver_Studio_Community_Linux_x64_V170/MRS_Community/toolchain/RISC-V Embedded GCC/bin/../lib/gcc/riscv-none-embed/8.2.0/rv32ec/ilp32e/libgcc.a
START GROUP
LOAD /home/chowdarymanyam/Downloads/Work-Space/Firmware/CH32V/27082024_MounRiver/MounRiver_Studio_Community_Linux_x64_V170/MRS_Community/toolchain/RISC-V Embedded GCC/bin/../lib/gcc/riscv-none-embed/8.2.0/rv32ec/ilp32e/libgcc.a
LOAD /home/chowdarymanyam/Downloads/Work-Space/Firmware/CH32V/27082024_MounRiver/MounRiver_Studio_Community_Linux_x64_V170/MRS_Community/toolchain/RISC-V Embedded GCC/bin/../lib/gcc/riscv-none-embed/8.2.0/../../../../riscv-none-embed/lib/rv32ec/ilp32e/libc_nano.a
LOAD /home/chowdarymanyam/Downloads/Work-Space/Firmware/CH32V/27082024_MounRiver/MounRiver_Studio_Community_Linux_x64_V170/MRS_Community/toolchain/RISC-V Embedded GCC/bin/../lib/gcc/riscv-none-embed/8.2.0/../../../../riscv-none-embed/lib/rv32ec/ilp32e/libnosys.a
END GROUP
START GROUP
LOAD /home/chowdarymanyam/Downloads/Work-Space/Firmware/CH32V/27082024_MounRiver/MounRiver_Studio_Community_Linux_x64_V170/MRS_Community/toolchain/RISC-V Embedded GCC/bin/../lib/gcc/riscv-none-embed/8.2.0/rv32ec/ilp32e/libgcc.a
LOAD /home/chowdarymanyam/Downloads/Work-Space/Firmware/CH32V/27082024_MounRiver/MounRiver_Studio_Community_Linux_x64_V170/MRS_Community/toolchain/RISC-V Embedded GCC/bin/../lib/gcc/riscv-none-embed/8.2.0/../../../../riscv-none-embed/lib/rv32ec/ilp32e/libc_nano.a
LOAD /home/chowdarymanyam/Downloads/Work-Space/Firmware/CH32V/27082024_MounRiver/MounRiver_Studio_Community_Linux_x64_V170/MRS_Community/toolchain/RISC-V Embedded GCC/bin/../lib/gcc/riscv-none-embed/8.2.0/../../../../riscv-none-embed/lib/rv32ec/ilp32e/libnosys.a
END GROUP
                0x0000000000000100                __stack_size = 0x100
                [!provide]                        PROVIDE (_stack_size = __stack_size)

.init           0x0000000000000000       0xa0
                0x0000000000000000                _sinit = .
                0x0000000000000000                . = ALIGN (0x4)
 *(SORT_NONE(.init))
 .init          0x0000000000000000       0x9e ./Startup/startup_ch32v00x.o
                0x0000000000000000                _start
                0x00000000000000a0                . = ALIGN (0x4)
 *fill*         0x000000000000009e        0x2 
                0x00000000000000a0                _einit = .

.text           0x00000000000000a0     0x1c5c
                0x00000000000000a0                . = ALIGN (0x4)
 *(.text)
 .text          0x00000000000000a0       0x14 /home/chowdarymanyam/Downloads/Work-Space/Firmware/CH32V/27082024_MounRiver/MounRiver_Studio_Community_Linux_x64_V170/MRS_Community/toolchain/RISC-V Embedded GCC/bin/../lib/gcc/riscv-none-embed/8.2.0/rv32ec/ilp32e/libgcc.a(save-restore.o)
                0x00000000000000a0                __riscv_save_1
                0x00000000000000a0                __riscv_save_2
                0x00000000000000a0                __riscv_save_0
                0x00000000000000aa                __riscv_restore_2
                0x00000000000000aa                __riscv_restore_0
                0x00000000000000aa                __riscv_restore_1
 .text          0x00000000000000b4       0x7e /home/chowdarymanyam/Downloads/Work-Space/Firmware/CH32V/27082024_MounRiver/MounRiver_Studio_Community_Linux_x64_V170/MRS_Community/toolchain/RISC-V Embedded GCC/bin/../lib/gcc/riscv-none-embed/8.2.0/rv32ec/ilp32e/libgcc.a(div.o)
                0x00000000000000b4                __divsi3
                0x00000000000000bc                __udivsi3
                0x00000000000000e8                __umodsi3
                0x000000000000010c                __modsi3
 .text          0x0000000000000132       0xa8 /home/chowdarymanyam/Downloads/Work-Space/Firmware/CH32V/27082024_MounRiver/MounRiver_Studio_Community_Linux_x64_V170/MRS_Community/toolchain/RISC-V Embedded GCC/bin/../lib/gcc/riscv-none-embed/8.2.0/../../../../riscv-none-embed/lib/rv32ec/ilp32e/libg_nano.a(lib_a-memset.o)
                0x0000000000000132                memset
 *(.text.*)
 .text.NMI_Handler
                0x00000000000001da        0x2 ./User/ch32v00x_it.o
                0x00000000000001da                NMI_Handler
 .text.HardFault_Handler
                0x00000000000001dc        0x2 ./User/ch32v00x_it.o
                0x00000000000001dc                HardFault_Handler
 .text.USARTx_CFG
                0x00000000000001de       0x80 ./User/main.o
                0x00000000000001de                USARTx_CFG
 .text.startup.main
                0x000000000000025e      0x108 ./User/main.o
                0x000000000000025e                main
 .text.SystemInit
                0x0000000000000366      0x132 ./User/system_ch32v00x.o
                0x0000000000000366                SystemInit
 .text.SystemCoreClockUpdate
                0x0000000000000498       0x6a ./User/system_ch32v00x.o
                0x0000000000000498                SystemCoreClockUpdate
 .text.vector_handler
                0x0000000000000502        0x2 ./Startup/startup_ch32v00x.o
                0x0000000000000502                TIM1_CC_IRQHandler
                0x0000000000000502                SysTick_Handler
                0x0000000000000502                PVD_IRQHandler
                0x0000000000000502                SPI1_IRQHandler
                0x0000000000000502                AWU_IRQHandler
                0x0000000000000502                EXTI7_0_IRQHandler
                0x0000000000000502                DMA1_Channel4_IRQHandler
                0x0000000000000502                ADC1_IRQHandler
                0x0000000000000502                DMA1_Channel7_IRQHandler
                0x0000000000000502                I2C1_EV_IRQHandler
                0x0000000000000502                DMA1_Channel6_IRQHandler
                0x0000000000000502                RCC_IRQHandler
                0x0000000000000502                TIM1_TRG_COM_IRQHandler
                0x0000000000000502                DMA1_Channel1_IRQHandler
                0x0000000000000502                DMA1_Channel5_IRQHandler
                0x0000000000000502                DMA1_Channel3_IRQHandler
                0x0000000000000502                TIM1_UP_IRQHandler
                0x0000000000000502                WWDG_IRQHandler
                0x0000000000000502                TIM2_IRQHandler
                0x0000000000000502                SW_Handler
                0x0000000000000502                TIM1_BRK_IRQHandler
                0x0000000000000502                DMA1_Channel2_IRQHandler
                0x0000000000000502                FLASH_IRQHandler
                0x0000000000000502                USART1_IRQHandler
                0x0000000000000502                I2C1_ER_IRQHandler
 .text.handle_reset
                0x0000000000000504       0x80 ./Startup/startup_ch32v00x.o
                0x0000000000000504                handle_reset
 .text.DBGMCU_GetCHIPID
                0x0000000000000584        0xa ./Peripheral/src/ch32v00x_dbgmcu.o
                0x0000000000000584                DBGMCU_GetCHIPID
 .text.GPIO_Init
                0x000000000000058e       0xd8 ./Peripheral/src/ch32v00x_gpio.o
                0x000000000000058e                GPIO_Init
 .text.GPIO_ReadInputDataBit
                0x0000000000000666        0xa ./Peripheral/src/ch32v00x_gpio.o
                0x0000000000000666                GPIO_ReadInputDataBit
 .text.NVIC_PriorityGroupConfig
                0x0000000000000670        0x6 ./Peripheral/src/ch32v00x_misc.o
                0x0000000000000670                NVIC_PriorityGroupConfig
 .text.RCC_AdjustHSICalibrationValue
                0x0000000000000676       0x12 ./Peripheral/src/ch32v00x_rcc.o
                0x0000000000000676                RCC_AdjustHSICalibrationValue
 .text.RCC_GetClocksFreq
                0x0000000000000688       0x9a ./Peripheral/src/ch32v00x_rcc.o
                0x0000000000000688                RCC_GetClocksFreq
 .text.RCC_APB2PeriphClockCmd
                0x0000000000000722       0x1e ./Peripheral/src/ch32v00x_rcc.o
                0x0000000000000722                RCC_APB2PeriphClockCmd
 .text.USART_Init
                0x0000000000000740       0xe2 ./Peripheral/src/ch32v00x_usart.o
                0x0000000000000740                USART_Init
 .text.USART_Cmd
                0x0000000000000822       0x1c ./Peripheral/src/ch32v00x_usart.o
                0x0000000000000822                USART_Cmd
 .text.USART_SendData
                0x000000000000083e        0xa ./Peripheral/src/ch32v00x_usart.o
                0x000000000000083e                USART_SendData
 .text.USART_GetFlagStatus
                0x0000000000000848        0xc ./Peripheral/src/ch32v00x_usart.o
                0x0000000000000848                USART_GetFlagStatus
 .text.Delay_Init
                0x0000000000000854       0x34 ./Debug/debug.o
                0x0000000000000854                Delay_Init
 .text.USART_Printf_Init
                0x0000000000000888       0x56 ./Debug/debug.o
                0x0000000000000888                USART_Printf_Init
 .text._write   0x00000000000008de       0x4c ./Debug/debug.o
                0x00000000000008de                _write
 .text._sbrk    0x000000000000092a       0x26 ./Debug/debug.o
                0x000000000000092a                _sbrk
 .text.printf   0x0000000000000950       0x44 /home/chowdarymanyam/Downloads/Work-Space/Firmware/CH32V/27082024_MounRiver/MounRiver_Studio_Community_Linux_x64_V170/MRS_Community/toolchain/RISC-V Embedded GCC/bin/../lib/gcc/riscv-none-embed/8.2.0/../../../../riscv-none-embed/lib/rv32ec/ilp32e/libg_nano.a(lib_a-printf.o)
                0x0000000000000950                printf
                0x0000000000000950                iprintf
 .text._puts_r  0x0000000000000994       0xd2 /home/chowdarymanyam/Downloads/Work-Space/Firmware/CH32V/27082024_MounRiver/MounRiver_Studio_Community_Linux_x64_V170/MRS_Community/toolchain/RISC-V Embedded GCC/bin/../lib/gcc/riscv-none-embed/8.2.0/../../../../riscv-none-embed/lib/rv32ec/ilp32e/libg_nano.a(lib_a-puts.o)
                0x0000000000000994                _puts_r
 .text.puts     0x0000000000000a66        0xe /home/chowdarymanyam/Downloads/Work-Space/Firmware/CH32V/27082024_MounRiver/MounRiver_Studio_Community_Linux_x64_V170/MRS_Community/toolchain/RISC-V Embedded GCC/bin/../lib/gcc/riscv-none-embed/8.2.0/../../../../riscv-none-embed/lib/rv32ec/ilp32e/libg_nano.a(lib_a-puts.o)
                0x0000000000000a66                puts
 .text.__swbuf_r
                0x0000000000000a74       0xc8 /home/chowdarymanyam/Downloads/Work-Space/Firmware/CH32V/27082024_MounRiver/MounRiver_Studio_Community_Linux_x64_V170/MRS_Community/toolchain/RISC-V Embedded GCC/bin/../lib/gcc/riscv-none-embed/8.2.0/../../../../riscv-none-embed/lib/rv32ec/ilp32e/libg_nano.a(lib_a-wbuf.o)
                0x0000000000000a74                __swbuf_r
 .text.__swsetup_r
                0x0000000000000b3c      0x112 /home/chowdarymanyam/Downloads/Work-Space/Firmware/CH32V/27082024_MounRiver/MounRiver_Studio_Community_Linux_x64_V170/MRS_Community/toolchain/RISC-V Embedded GCC/bin/../lib/gcc/riscv-none-embed/8.2.0/../../../../riscv-none-embed/lib/rv32ec/ilp32e/libg_nano.a(lib_a-wsetup.o)
                0x0000000000000b3c                __swsetup_r
 .text.__sflush_r
                0x0000000000000c4e      0x134 /home/chowdarymanyam/Downloads/Work-Space/Firmware/CH32V/27082024_MounRiver/MounRiver_Studio_Community_Linux_x64_V170/MRS_Community/toolchain/RISC-V Embedded GCC/bin/../lib/gcc/riscv-none-embed/8.2.0/../../../../riscv-none-embed/lib/rv32ec/ilp32e/libg_nano.a(lib_a-fflush.o)
                0x0000000000000c4e                __sflush_r
 .text._fflush_r
                0x0000000000000d82       0x64 /home/chowdarymanyam/Downloads/Work-Space/Firmware/CH32V/27082024_MounRiver/MounRiver_Studio_Community_Linux_x64_V170/MRS_Community/toolchain/RISC-V Embedded GCC/bin/../lib/gcc/riscv-none-embed/8.2.0/../../../../riscv-none-embed/lib/rv32ec/ilp32e/libg_nano.a(lib_a-fflush.o)
                0x0000000000000d82                _fflush_r
 .text.std      0x0000000000000de6       0x6a /home/chowdarymanyam/Downloads/Work-Space/Firmware/CH32V/27082024_MounRiver/MounRiver_Studio_Community_Linux_x64_V170/MRS_Community/toolchain/RISC-V Embedded GCC/bin/../lib/gcc/riscv-none-embed/8.2.0/../../../../riscv-none-embed/lib/rv32ec/ilp32e/libg_nano.a(lib_a-findfp.o)
 .text._cleanup_r
                0x0000000000000e50        0xa /home/chowdarymanyam/Downloads/Work-Space/Firmware/CH32V/27082024_MounRiver/MounRiver_Studio_Community_Linux_x64_V170/MRS_Community/toolchain/RISC-V Embedded GCC/bin/../lib/gcc/riscv-none-embed/8.2.0/../../../../riscv-none-embed/lib/rv32ec/ilp32e/libg_nano.a(lib_a-findfp.o)
                0x0000000000000e50                _cleanup_r
 .text.__sfmoreglue
                0x0000000000000e5a       0x48 /home/chowdarymanyam/Downloads/Work-Space/Firmware/CH32V/27082024_MounRiver/MounRiver_Studio_Community_Linux_x64_V170/MRS_Community/toolchain/RISC-V Embedded GCC/bin/../lib/gcc/riscv-none-embed/8.2.0/../../../../riscv-none-embed/lib/rv32ec/ilp32e/libg_nano.a(lib_a-findfp.o)
                0x0000000000000e5a                __sfmoreglue
 .text.__sinit  0x0000000000000ea2       0x6a /home/chowdarymanyam/Downloads/Work-Space/Firmware/CH32V/27082024_MounRiver/MounRiver_Studio_Community_Linux_x64_V170/MRS_Community/toolchain/RISC-V Embedded GCC/bin/../lib/gcc/riscv-none-embed/8.2.0/../../../../riscv-none-embed/lib/rv32ec/ilp32e/libg_nano.a(lib_a-findfp.o)
                0x0000000000000ea2                __sinit
 .text.__sfp    0x0000000000000f0c       0x9e /home/chowdarymanyam/Downloads/Work-Space/Firmware/CH32V/27082024_MounRiver/MounRiver_Studio_Community_Linux_x64_V170/MRS_Community/toolchain/RISC-V Embedded GCC/bin/../lib/gcc/riscv-none-embed/8.2.0/../../../../riscv-none-embed/lib/rv32ec/ilp32e/libg_nano.a(lib_a-findfp.o)
                0x0000000000000f0c                __sfp
 .text._fwalk_reent
                0x0000000000000faa       0x60 /home/chowdarymanyam/Downloads/Work-Space/Firmware/CH32V/27082024_MounRiver/MounRiver_Studio_Community_Linux_x64_V170/MRS_Community/toolchain/RISC-V Embedded GCC/bin/../lib/gcc/riscv-none-embed/8.2.0/../../../../riscv-none-embed/lib/rv32ec/ilp32e/libg_nano.a(lib_a-fwalk.o)
                0x0000000000000faa                _fwalk_reent
 .text.__swhatbuf_r
                0x000000000000100a       0x64 /home/chowdarymanyam/Downloads/Work-Space/Firmware/CH32V/27082024_MounRiver/MounRiver_Studio_Community_Linux_x64_V170/MRS_Community/toolchain/RISC-V Embedded GCC/bin/../lib/gcc/riscv-none-embed/8.2.0/../../../../riscv-none-embed/lib/rv32ec/ilp32e/libg_nano.a(lib_a-makebuf.o)
                0x000000000000100a                __swhatbuf_r
 .text.__smakebuf_r
                0x000000000000106e       0x9c /home/chowdarymanyam/Downloads/Work-Space/Firmware/CH32V/27082024_MounRiver/MounRiver_Studio_Community_Linux_x64_V170/MRS_Community/toolchain/RISC-V Embedded GCC/bin/../lib/gcc/riscv-none-embed/8.2.0/../../../../riscv-none-embed/lib/rv32ec/ilp32e/libg_nano.a(lib_a-makebuf.o)
                0x000000000000106e                __smakebuf_r
 .text._free_r  0x000000000000110a       0xb0 /home/chowdarymanyam/Downloads/Work-Space/Firmware/CH32V/27082024_MounRiver/MounRiver_Studio_Community_Linux_x64_V170/MRS_Community/toolchain/RISC-V Embedded GCC/bin/../lib/gcc/riscv-none-embed/8.2.0/../../../../riscv-none-embed/lib/rv32ec/ilp32e/libg_nano.a(lib_a-nano-freer.o)
                0x000000000000110a                _free_r
 .text._malloc_r
                0x00000000000011ba       0xde /home/chowdarymanyam/Downloads/Work-Space/Firmware/CH32V/27082024_MounRiver/MounRiver_Studio_Community_Linux_x64_V170/MRS_Community/toolchain/RISC-V Embedded GCC/bin/../lib/gcc/riscv-none-embed/8.2.0/../../../../riscv-none-embed/lib/rv32ec/ilp32e/libg_nano.a(lib_a-nano-mallocr.o)
                0x00000000000011ba                _malloc_r
 .text.__sfputc_r
                0x0000000000001298       0x2a /home/chowdarymanyam/Downloads/Work-Space/Firmware/CH32V/27082024_MounRiver/MounRiver_Studio_Community_Linux_x64_V170/MRS_Community/toolchain/RISC-V Embedded GCC/bin/../lib/gcc/riscv-none-embed/8.2.0/../../../../riscv-none-embed/lib/rv32ec/ilp32e/libg_nano.a(lib_a-nano-vfprintf.o)
 .text.__sfputs_r
                0x00000000000012c2       0x3e /home/chowdarymanyam/Downloads/Work-Space/Firmware/CH32V/27082024_MounRiver/MounRiver_Studio_Community_Linux_x64_V170/MRS_Community/toolchain/RISC-V Embedded GCC/bin/../lib/gcc/riscv-none-embed/8.2.0/../../../../riscv-none-embed/lib/rv32ec/ilp32e/libg_nano.a(lib_a-nano-vfprintf.o)
                0x00000000000012c2                __sfputs_r
 .text._vfprintf_r
                0x0000000000001300      0x2c2 /home/chowdarymanyam/Downloads/Work-Space/Firmware/CH32V/27082024_MounRiver/MounRiver_Studio_Community_Linux_x64_V170/MRS_Community/toolchain/RISC-V Embedded GCC/bin/../lib/gcc/riscv-none-embed/8.2.0/../../../../riscv-none-embed/lib/rv32ec/ilp32e/libg_nano.a(lib_a-nano-vfprintf.o)
                0x0000000000001300                _vfiprintf_r
                0x0000000000001300                _vfprintf_r
 .text._printf_common
                0x00000000000015c2      0x12c /home/chowdarymanyam/Downloads/Work-Space/Firmware/CH32V/27082024_MounRiver/MounRiver_Studio_Community_Linux_x64_V170/MRS_Community/toolchain/RISC-V Embedded GCC/bin/../lib/gcc/riscv-none-embed/8.2.0/../../../../riscv-none-embed/lib/rv32ec/ilp32e/libg_nano.a(lib_a-nano-vfprintf_i.o)
                0x00000000000015c2                _printf_common
 .text._printf_i
                0x00000000000016ee      0x2c2 /home/chowdarymanyam/Downloads/Work-Space/Firmware/CH32V/27082024_MounRiver/MounRiver_Studio_Community_Linux_x64_V170/MRS_Community/toolchain/RISC-V Embedded GCC/bin/../lib/gcc/riscv-none-embed/8.2.0/../../../../riscv-none-embed/lib/rv32ec/ilp32e/libg_nano.a(lib_a-nano-vfprintf_i.o)
                0x00000000000016ee                _printf_i
 .text._sbrk_r  0x00000000000019b0       0x2a /home/chowdarymanyam/Downloads/Work-Space/Firmware/CH32V/27082024_MounRiver/MounRiver_Studio_Community_Linux_x64_V170/MRS_Community/toolchain/RISC-V Embedded GCC/bin/../lib/gcc/riscv-none-embed/8.2.0/../../../../riscv-none-embed/lib/rv32ec/ilp32e/libg_nano.a(lib_a-sbrkr.o)
                0x00000000000019b0                _sbrk_r
 .text.__sread  0x00000000000019da       0x30 /home/chowdarymanyam/Downloads/Work-Space/Firmware/CH32V/27082024_MounRiver/MounRiver_Studio_Community_Linux_x64_V170/MRS_Community/toolchain/RISC-V Embedded GCC/bin/../lib/gcc/riscv-none-embed/8.2.0/../../../../riscv-none-embed/lib/rv32ec/ilp32e/libg_nano.a(lib_a-stdio.o)
                0x00000000000019da                __sread
 .text.__swrite
                0x0000000000001a0a       0x4e /home/chowdarymanyam/Downloads/Work-Space/Firmware/CH32V/27082024_MounRiver/MounRiver_Studio_Community_Linux_x64_V170/MRS_Community/toolchain/RISC-V Embedded GCC/bin/../lib/gcc/riscv-none-embed/8.2.0/../../../../riscv-none-embed/lib/rv32ec/ilp32e/libg_nano.a(lib_a-stdio.o)
                0x0000000000001a0a                __swrite
 .text.__sseek  0x0000000000001a58       0x36 /home/chowdarymanyam/Downloads/Work-Space/Firmware/CH32V/27082024_MounRiver/MounRiver_Studio_Community_Linux_x64_V170/MRS_Community/toolchain/RISC-V Embedded GCC/bin/../lib/gcc/riscv-none-embed/8.2.0/../../../../riscv-none-embed/lib/rv32ec/ilp32e/libg_nano.a(lib_a-stdio.o)
                0x0000000000001a58                __sseek
 .text.__sclose
                0x0000000000001a8e        0x6 /home/chowdarymanyam/Downloads/Work-Space/Firmware/CH32V/27082024_MounRiver/MounRiver_Studio_Community_Linux_x64_V170/MRS_Community/toolchain/RISC-V Embedded GCC/bin/../lib/gcc/riscv-none-embed/8.2.0/../../../../riscv-none-embed/lib/rv32ec/ilp32e/libg_nano.a(lib_a-stdio.o)
                0x0000000000001a8e                __sclose
 .text._write_r
                0x0000000000001a94       0x2e /home/chowdarymanyam/Downloads/Work-Space/Firmware/CH32V/27082024_MounRiver/MounRiver_Studio_Community_Linux_x64_V170/MRS_Community/toolchain/RISC-V Embedded GCC/bin/../lib/gcc/riscv-none-embed/8.2.0/../../../../riscv-none-embed/lib/rv32ec/ilp32e/libg_nano.a(lib_a-writer.o)
                0x0000000000001a94                _write_r
 .text._close_r
                0x0000000000001ac2       0x28 /home/chowdarymanyam/Downloads/Work-Space/Firmware/CH32V/27082024_MounRiver/MounRiver_Studio_Community_Linux_x64_V170/MRS_Community/toolchain/RISC-V Embedded GCC/bin/../lib/gcc/riscv-none-embed/8.2.0/../../../../riscv-none-embed/lib/rv32ec/ilp32e/libg_nano.a(lib_a-closer.o)
                0x0000000000001ac2                _close_r
 .text._fstat_r
                0x0000000000001aea       0x2a /home/chowdarymanyam/Downloads/Work-Space/Firmware/CH32V/27082024_MounRiver/MounRiver_Studio_Community_Linux_x64_V170/MRS_Community/toolchain/RISC-V Embedded GCC/bin/../lib/gcc/riscv-none-embed/8.2.0/../../../../riscv-none-embed/lib/rv32ec/ilp32e/libg_nano.a(lib_a-fstatr.o)
                0x0000000000001aea                _fstat_r
 .text._isatty_r
                0x0000000000001b14       0x28 /home/chowdarymanyam/Downloads/Work-Space/Firmware/CH32V/27082024_MounRiver/MounRiver_Studio_Community_Linux_x64_V170/MRS_Community/toolchain/RISC-V Embedded GCC/bin/../lib/gcc/riscv-none-embed/8.2.0/../../../../riscv-none-embed/lib/rv32ec/ilp32e/libg_nano.a(lib_a-isattyr.o)
                0x0000000000001b14                _isatty_r
 .text._lseek_r
                0x0000000000001b3c       0x2c /home/chowdarymanyam/Downloads/Work-Space/Firmware/CH32V/27082024_MounRiver/MounRiver_Studio_Community_Linux_x64_V170/MRS_Community/toolchain/RISC-V Embedded GCC/bin/../lib/gcc/riscv-none-embed/8.2.0/../../../../riscv-none-embed/lib/rv32ec/ilp32e/libg_nano.a(lib_a-lseekr.o)
                0x0000000000001b3c                _lseek_r
 .text.memchr   0x0000000000001b68       0x1a /home/chowdarymanyam/Downloads/Work-Space/Firmware/CH32V/27082024_MounRiver/MounRiver_Studio_Community_Linux_x64_V170/MRS_Community/toolchain/RISC-V Embedded GCC/bin/../lib/gcc/riscv-none-embed/8.2.0/../../../../riscv-none-embed/lib/rv32ec/ilp32e/libg_nano.a(lib_a-memchr.o)
                0x0000000000001b68                memchr
 .text.__malloc_lock
                0x0000000000001b82        0x2 /home/chowdarymanyam/Downloads/Work-Space/Firmware/CH32V/27082024_MounRiver/MounRiver_Studio_Community_Linux_x64_V170/MRS_Community/toolchain/RISC-V Embedded GCC/bin/../lib/gcc/riscv-none-embed/8.2.0/../../../../riscv-none-embed/lib/rv32ec/ilp32e/libg_nano.a(lib_a-mlock.o)
                0x0000000000001b82                __malloc_lock
 .text.__malloc_unlock
                0x0000000000001b84        0x2 /home/chowdarymanyam/Downloads/Work-Space/Firmware/CH32V/27082024_MounRiver/MounRiver_Studio_Community_Linux_x64_V170/MRS_Community/toolchain/RISC-V Embedded GCC/bin/../lib/gcc/riscv-none-embed/8.2.0/../../../../riscv-none-embed/lib/rv32ec/ilp32e/libg_nano.a(lib_a-mlock.o)
                0x0000000000001b84                __malloc_unlock
 .text._read_r  0x0000000000001b86       0x2c /home/chowdarymanyam/Downloads/Work-Space/Firmware/CH32V/27082024_MounRiver/MounRiver_Studio_Community_Linux_x64_V170/MRS_Community/toolchain/RISC-V Embedded GCC/bin/../lib/gcc/riscv-none-embed/8.2.0/../../../../riscv-none-embed/lib/rv32ec/ilp32e/libg_nano.a(lib_a-readr.o)
                0x0000000000001b86                _read_r
 .text._close   0x0000000000001bb2        0xc /home/chowdarymanyam/Downloads/Work-Space/Firmware/CH32V/27082024_MounRiver/MounRiver_Studio_Community_Linux_x64_V170/MRS_Community/toolchain/RISC-V Embedded GCC/bin/../lib/gcc/riscv-none-embed/8.2.0/../../../../riscv-none-embed/lib/rv32ec/ilp32e/libnosys.a(close.o)
                0x0000000000001bb2                _close
 .text._fstat   0x0000000000001bbe        0xc /home/chowdarymanyam/Downloads/Work-Space/Firmware/CH32V/27082024_MounRiver/MounRiver_Studio_Community_Linux_x64_V170/MRS_Community/toolchain/RISC-V Embedded GCC/bin/../lib/gcc/riscv-none-embed/8.2.0/../../../../riscv-none-embed/lib/rv32ec/ilp32e/libnosys.a(fstat.o)
                0x0000000000001bbe                _fstat
 .text._isatty  0x0000000000001bca        0xc /home/chowdarymanyam/Downloads/Work-Space/Firmware/CH32V/27082024_MounRiver/MounRiver_Studio_Community_Linux_x64_V170/MRS_Community/toolchain/RISC-V Embedded GCC/bin/../lib/gcc/riscv-none-embed/8.2.0/../../../../riscv-none-embed/lib/rv32ec/ilp32e/libnosys.a(isatty.o)
                0x0000000000001bca                _isatty
 .text._lseek   0x0000000000001bd6        0xc /home/chowdarymanyam/Downloads/Work-Space/Firmware/CH32V/27082024_MounRiver/MounRiver_Studio_Community_Linux_x64_V170/MRS_Community/toolchain/RISC-V Embedded GCC/bin/../lib/gcc/riscv-none-embed/8.2.0/../../../../riscv-none-embed/lib/rv32ec/ilp32e/libnosys.a(lseek.o)
                0x0000000000001bd6                _lseek
 .text._read    0x0000000000001be2        0xc /home/chowdarymanyam/Downloads/Work-Space/Firmware/CH32V/27082024_MounRiver/MounRiver_Studio_Community_Linux_x64_V170/MRS_Community/toolchain/RISC-V Embedded GCC/bin/../lib/gcc/riscv-none-embed/8.2.0/../../../../riscv-none-embed/lib/rv32ec/ilp32e/libnosys.a(read.o)
                0x0000000000001be2                _read
 *(.rodata)
 *(.rodata*)
 *fill*         0x0000000000001bee        0x2 
 .rodata.main.str1.4
                0x0000000000001bf0       0x6e ./User/main.o
 *fill*         0x0000000000001c5e        0x2 
 .rodata.__sf_fake_stderr
                0x0000000000001c60       0x20 /home/chowdarymanyam/Downloads/Work-Space/Firmware/CH32V/27082024_MounRiver/MounRiver_Studio_Community_Linux_x64_V170/MRS_Community/toolchain/RISC-V Embedded GCC/bin/../lib/gcc/riscv-none-embed/8.2.0/../../../../riscv-none-embed/lib/rv32ec/ilp32e/libg_nano.a(lib_a-findfp.o)
                0x0000000000001c60                __sf_fake_stderr
 .rodata.__sf_fake_stdin
                0x0000000000001c80       0x20 /home/chowdarymanyam/Downloads/Work-Space/Firmware/CH32V/27082024_MounRiver/MounRiver_Studio_Community_Linux_x64_V170/MRS_Community/toolchain/RISC-V Embedded GCC/bin/../lib/gcc/riscv-none-embed/8.2.0/../../../../riscv-none-embed/lib/rv32ec/ilp32e/libg_nano.a(lib_a-findfp.o)
                0x0000000000001c80                __sf_fake_stdin
 .rodata.__sf_fake_stdout
                0x0000000000001ca0       0x20 /home/chowdarymanyam/Downloads/Work-Space/Firmware/CH32V/27082024_MounRiver/MounRiver_Studio_Community_Linux_x64_V170/MRS_Community/toolchain/RISC-V Embedded GCC/bin/../lib/gcc/riscv-none-embed/8.2.0/../../../../riscv-none-embed/lib/rv32ec/ilp32e/libg_nano.a(lib_a-findfp.o)
                0x0000000000001ca0                __sf_fake_stdout
 .rodata._vfprintf_r.str1.4
                0x0000000000001cc0       0x13 /home/chowdarymanyam/Downloads/Work-Space/Firmware/CH32V/27082024_MounRiver/MounRiver_Studio_Community_Linux_x64_V170/MRS_Community/toolchain/RISC-V Embedded GCC/bin/../lib/gcc/riscv-none-embed/8.2.0/../../../../riscv-none-embed/lib/rv32ec/ilp32e/libg_nano.a(lib_a-nano-vfprintf.o)
 *fill*         0x0000000000001cd3        0x1 
 .rodata._printf_i.str1.4
                0x0000000000001cd4       0x28 /home/chowdarymanyam/Downloads/Work-Space/Firmware/CH32V/27082024_MounRiver/MounRiver_Studio_Community_Linux_x64_V170/MRS_Community/toolchain/RISC-V Embedded GCC/bin/../lib/gcc/riscv-none-embed/8.2.0/../../../../riscv-none-embed/lib/rv32ec/ilp32e/libg_nano.a(lib_a-nano-vfprintf_i.o)
                                         0x25 (size before relaxing)
 *(.gnu.linkonce.t.*)
                0x0000000000001cfc                . = ALIGN (0x4)

.rela.dyn       0x0000000000001cfc        0x0
 .rela.init     0x0000000000001cfc        0x0 ./User/ch32v00x_it.o
 .rela.text.handle_reset
                0x0000000000001cfc        0x0 ./User/ch32v00x_it.o
 .rela.text._sbrk
                0x0000000000001cfc        0x0 ./User/ch32v00x_it.o
 .rela.data.curbrk.4084
                0x0000000000001cfc        0x0 ./User/ch32v00x_it.o
 .rela.text._vfprintf_r
                0x0000000000001cfc        0x0 ./User/ch32v00x_it.o
 .rela.text._sbrk_r
                0x0000000000001cfc        0x0 ./User/ch32v00x_it.o
 .rela.text._write_r
                0x0000000000001cfc        0x0 ./User/ch32v00x_it.o
 .rela.text._close_r
                0x0000000000001cfc        0x0 ./User/ch32v00x_it.o
 .rela.text._fstat_r
                0x0000000000001cfc        0x0 ./User/ch32v00x_it.o
 .rela.text._isatty_r
                0x0000000000001cfc        0x0 ./User/ch32v00x_it.o
 .rela.text._lseek_r
                0x0000000000001cfc        0x0 ./User/ch32v00x_it.o
 .rela.text._read_r
                0x0000000000001cfc        0x0 ./User/ch32v00x_it.o
 .rela.text._close
                0x0000000000001cfc        0x0 ./User/ch32v00x_it.o
 .rela.text._fstat
                0x0000000000001cfc        0x0 ./User/ch32v00x_it.o
 .rela.text._isatty
                0x0000000000001cfc        0x0 ./User/ch32v00x_it.o
 .rela.text._lseek
                0x0000000000001cfc        0x0 ./User/ch32v00x_it.o
 .rela.text._read
                0x0000000000001cfc        0x0 ./User/ch32v00x_it.o

.fini           0x0000000000001cfc        0x0
 *(SORT_NONE(.fini))
                0x0000000000001cfc                . = ALIGN (0x4)
                [!provide]                        PROVIDE (_etext = .)
                [!provide]                        PROVIDE (_eitcm = .)

.preinit_array  0x0000000000001cfc        0x0
                [!provide]                        PROVIDE (__preinit_array_start = .)
 *(.preinit_array)
                [!provide]                        PROVIDE (__preinit_array_end = .)

.init_array     0x0000000000001cfc        0x0
                [!provide]                        PROVIDE (__init_array_start = .)
 *(SORT_BY_INIT_PRIORITY(.init_array.*) SORT_BY_INIT_PRIORITY(.ctors.*))
 *(.init_array EXCLUDE_FILE(*crtend?.o *crtend.o *crtbegin?.o *crtbegin.o) .ctors)
                [!provide]                        PROVIDE (__init_array_end = .)

.fini_array     0x0000000000001cfc        0x0
                [!provide]                        PROVIDE (__fini_array_start = .)
 *(SORT_BY_INIT_PRIORITY(.fini_array.*) SORT_BY_INIT_PRIORITY(.dtors.*))
 *(.fini_array EXCLUDE_FILE(*crtend?.o *crtend.o *crtbegin?.o *crtbegin.o) .dtors)
                [!provide]                        PROVIDE (__fini_array_end = .)

.ctors
 *crtbegin.o(.ctors)
 *crtbegin?.o(.ctors)
 *(EXCLUDE_FILE(*crtend?.o *crtend.o) .ctors)
 *(SORT_BY_NAME(.ctors.*))
 *(.ctors)

.dtors
 *crtbegin.o(.dtors)
 *crtbegin?.o(.dtors)
 *(EXCLUDE_FILE(*crtend?.o *crtend.o) .dtors)
 *(SORT_BY_NAME(.dtors.*))
 *(.dtors)

.dalign         0x0000000020000000        0x0 load address 0x0000000000001cfc
                0x0000000020000000                . = ALIGN (0x4)
                0x0000000020000000                PROVIDE (_data_vma = .)

.dlalign        0x0000000000001cfc        0x0
                0x0000000000001cfc                . = ALIGN (0x4)
                0x0000000000001cfc                PROVIDE (_data_lma = .)

.data           0x0000000020000000       0xa8 load address 0x0000000000001cfc
                0x0000000020000000                . = ALIGN (0x4)
 *(.gnu.linkonce.r.*)
 *(.data .data.*)
 .data.AHBPrescTable
                0x0000000020000000       0x10 ./User/system_ch32v00x.o
                0x0000000020000000                AHBPrescTable
 .data.SystemCoreClock
                0x0000000020000010        0x4 ./User/system_ch32v00x.o
                0x0000000020000010                SystemCoreClock
 .data.ADCPrescTable
                0x0000000020000014       0x14 ./Peripheral/src/ch32v00x_rcc.o
 .data.APBAHBPrescTable
                0x0000000020000028       0x10 ./Peripheral/src/ch32v00x_rcc.o
 .data.curbrk.4084
                0x0000000020000038        0x4 ./Debug/debug.o
 .data.impure_data
                0x000000002000003c       0x60 /home/chowdarymanyam/Downloads/Work-Space/Firmware/CH32V/27082024_MounRiver/MounRiver_Studio_Community_Linux_x64_V170/MRS_Community/toolchain/RISC-V Embedded GCC/bin/../lib/gcc/riscv-none-embed/8.2.0/../../../../riscv-none-embed/lib/rv32ec/ilp32e/libg_nano.a(lib_a-impure.o)
 *(.gnu.linkonce.d.*)
                0x00000000200000a0                . = ALIGN (0x8)
 *fill*         0x000000002000009c        0x4 
                0x00000000200008a0                PROVIDE (__global_pointer$ = (. + 0x800))
 *(.sdata .sdata.*)
 .sdata._impure_ptr
                0x00000000200000a0        0x4 /home/chowdarymanyam/Downloads/Work-Space/Firmware/CH32V/27082024_MounRiver/MounRiver_Studio_Community_Linux_x64_V170/MRS_Community/toolchain/RISC-V Embedded GCC/bin/../lib/gcc/riscv-none-embed/8.2.0/../../../../riscv-none-embed/lib/rv32ec/ilp32e/libg_nano.a(lib_a-impure.o)
                0x00000000200000a0                _impure_ptr
 *(.sdata2*)
 .sdata2._global_impure_ptr
                0x00000000200000a4        0x4 /home/chowdarymanyam/Downloads/Work-Space/Firmware/CH32V/27082024_MounRiver/MounRiver_Studio_Community_Linux_x64_V170/MRS_Community/toolchain/RISC-V Embedded GCC/bin/../lib/gcc/riscv-none-embed/8.2.0/../../../../riscv-none-embed/lib/rv32ec/ilp32e/libg_nano.a(lib_a-impure.o)
                0x00000000200000a4                _global_impure_ptr
 *(.gnu.linkonce.s.*)
                0x00000000200000a8                . = ALIGN (0x8)
 *(.srodata.cst16)
 *(.srodata.cst8)
 *(.srodata.cst4)
 *(.srodata.cst2)
 *(.srodata .srodata.*)
                0x00000000200000a8                . = ALIGN (0x4)
                0x00000000200000a8                PROVIDE (_edata = .)

.bss            0x00000000200000a8       0x14 load address 0x0000000000001da4
                0x00000000200000a8                . = ALIGN (0x4)
                0x00000000200000a8                PROVIDE (_sbss = .)
 *(.sbss*)
 .sbss.__malloc_free_list
                0x00000000200000a8        0x4 /home/chowdarymanyam/Downloads/Work-Space/Firmware/CH32V/27082024_MounRiver/MounRiver_Studio_Community_Linux_x64_V170/MRS_Community/toolchain/RISC-V Embedded GCC/bin/../lib/gcc/riscv-none-embed/8.2.0/../../../../riscv-none-embed/lib/rv32ec/ilp32e/libg_nano.a(lib_a-nano-mallocr.o)
                0x00000000200000a8                __malloc_free_list
 .sbss.__malloc_sbrk_start
                0x00000000200000ac        0x4 /home/chowdarymanyam/Downloads/Work-Space/Firmware/CH32V/27082024_MounRiver/MounRiver_Studio_Community_Linux_x64_V170/MRS_Community/toolchain/RISC-V Embedded GCC/bin/../lib/gcc/riscv-none-embed/8.2.0/../../../../riscv-none-embed/lib/rv32ec/ilp32e/libg_nano.a(lib_a-nano-mallocr.o)
                0x00000000200000ac                __malloc_sbrk_start
 *(.gnu.linkonce.sb.*)
 *(.bss*)
 .bss.NVIC_Priority_Group
                0x00000000200000b0        0x4 ./Peripheral/src/ch32v00x_misc.o
                0x00000000200000b0                NVIC_Priority_Group
 .bss.p_ms      0x00000000200000b4        0x2 ./Debug/debug.o
 .bss.p_us      0x00000000200000b6        0x1 ./Debug/debug.o
 *(.gnu.linkonce.b.*)
 *(COMMON*)
 *fill*         0x00000000200000b7        0x1 
 COMMON         0x00000000200000b8        0x4 /home/chowdarymanyam/Downloads/Work-Space/Firmware/CH32V/27082024_MounRiver/MounRiver_Studio_Community_Linux_x64_V170/MRS_Community/toolchain/RISC-V Embedded GCC/bin/../lib/gcc/riscv-none-embed/8.2.0/../../../../riscv-none-embed/lib/rv32ec/ilp32e/libg_nano.a(lib_a-reent.o)
                0x00000000200000b8                errno
                0x00000000200000bc                . = ALIGN (0x4)
                0x00000000200000bc                PROVIDE (_ebss = .)
                0x00000000200000bc                PROVIDE (_end = _ebss)
                [!provide]                        PROVIDE (end = .)

.stack          0x0000000020000700      0x100
                0x0000000020000700                PROVIDE (_heap_end = .)
                0x0000000020000700                . = ALIGN (0x4)
                [!provide]                        PROVIDE (_susrstack = .)
                0x0000000020000800                . = (. + __stack_size)
 *fill*         0x0000000020000700      0x100 
                0x0000000020000800                PROVIDE (_eusrstack = .)
OUTPUT(RF_480E.elf elf32-littleriscv)

.debug_info     0x0000000000000000     0x818f
 .debug_info    0x0000000000000000      0x962 ./User/ch32v00x_it.o
 .debug_info    0x0000000000000962      0xfcb ./User/main.o
 .debug_info    0x000000000000192d      0xc94 ./User/system_ch32v00x.o
 .debug_info    0x00000000000025c1       0x22 ./Startup/startup_ch32v00x.o
 .debug_info    0x00000000000025e3      0xa94 ./Peripheral/src/ch32v00x_dbgmcu.o
 .debug_info    0x0000000000003077     0x103a ./Peripheral/src/ch32v00x_gpio.o
 .debug_info    0x00000000000040b1      0xdca ./Peripheral/src/ch32v00x_misc.o
 .debug_info    0x0000000000004e7b     0x108c ./Peripheral/src/ch32v00x_rcc.o
 .debug_info    0x0000000000005f07     0x1351 ./Peripheral/src/ch32v00x_usart.o
 .debug_info    0x0000000000007258      0xf37 ./Debug/debug.o

.debug_abbrev   0x0000000000000000     0x1a2e
 .debug_abbrev  0x0000000000000000      0x1cf ./User/ch32v00x_it.o
 .debug_abbrev  0x00000000000001cf      0x2ba ./User/main.o
 .debug_abbrev  0x0000000000000489      0x2ee ./User/system_ch32v00x.o
 .debug_abbrev  0x0000000000000777       0x12 ./Startup/startup_ch32v00x.o
 .debug_abbrev  0x0000000000000789      0x2f7 ./Peripheral/src/ch32v00x_dbgmcu.o
 .debug_abbrev  0x0000000000000a80      0x309 ./Peripheral/src/ch32v00x_gpio.o
 .debug_abbrev  0x0000000000000d89      0x2ea ./Peripheral/src/ch32v00x_misc.o
 .debug_abbrev  0x0000000000001073      0x389 ./Peripheral/src/ch32v00x_rcc.o
 .debug_abbrev  0x00000000000013fc      0x323 ./Peripheral/src/ch32v00x_usart.o
 .debug_abbrev  0x000000000000171f      0x30f ./Debug/debug.o

.debug_aranges  0x0000000000000000      0x3e0
 .debug_aranges
                0x0000000000000000       0x28 ./User/ch32v00x_it.o
 .debug_aranges
                0x0000000000000028       0x28 ./User/main.o
 .debug_aranges
                0x0000000000000050       0x28 ./User/system_ch32v00x.o
 .debug_aranges
                0x0000000000000078       0x30 ./Startup/startup_ch32v00x.o
 .debug_aranges
                0x00000000000000a8       0x48 ./Peripheral/src/ch32v00x_dbgmcu.o
 .debug_aranges
                0x00000000000000f0       0x98 ./Peripheral/src/ch32v00x_gpio.o
 .debug_aranges
                0x0000000000000188       0x28 ./Peripheral/src/ch32v00x_misc.o
 .debug_aranges
                0x00000000000001b0       0xe0 ./Peripheral/src/ch32v00x_rcc.o
 .debug_aranges
                0x0000000000000290      0x100 ./Peripheral/src/ch32v00x_usart.o
 .debug_aranges
                0x0000000000000390       0x50 ./Debug/debug.o

.debug_ranges   0x0000000000000000      0x3c8
 .debug_ranges  0x0000000000000000       0x18 ./User/ch32v00x_it.o
 .debug_ranges  0x0000000000000018       0x18 ./User/main.o
 .debug_ranges  0x0000000000000030       0x50 ./User/system_ch32v00x.o
 .debug_ranges  0x0000000000000080       0x28 ./Startup/startup_ch32v00x.o
 .debug_ranges  0x00000000000000a8       0x50 ./Peripheral/src/ch32v00x_dbgmcu.o
 .debug_ranges  0x00000000000000f8       0x88 ./Peripheral/src/ch32v00x_gpio.o
 .debug_ranges  0x0000000000000180       0x48 ./Peripheral/src/ch32v00x_misc.o
 .debug_ranges  0x00000000000001c8       0xd0 ./Peripheral/src/ch32v00x_rcc.o
 .debug_ranges  0x0000000000000298       0xf0 ./Peripheral/src/ch32v00x_usart.o
 .debug_ranges  0x0000000000000388       0x40 ./Debug/debug.o

.debug_line     0x0000000000000000     0x5c0d
 .debug_line    0x0000000000000000      0x3b4 ./User/ch32v00x_it.o
 .debug_line    0x00000000000003b4      0x99d ./User/main.o
 .debug_line    0x0000000000000d51      0x8db ./User/system_ch32v00x.o
 .debug_line    0x000000000000162c      0x112 ./Startup/startup_ch32v00x.o
 .debug_line    0x000000000000173e      0x53d ./Peripheral/src/ch32v00x_dbgmcu.o
 .debug_line    0x0000000000001c7b      0xf26 ./Peripheral/src/ch32v00x_gpio.o
 .debug_line    0x0000000000002ba1      0x5e2 ./Peripheral/src/ch32v00x_misc.o
 .debug_line    0x0000000000003183      0xffb ./Peripheral/src/ch32v00x_rcc.o
 .debug_line    0x000000000000417e     0x1113 ./Peripheral/src/ch32v00x_usart.o
 .debug_line    0x0000000000005291      0x97c ./Debug/debug.o

.debug_str      0x0000000000000000     0x16a7
 .debug_str     0x0000000000000000      0x598 ./User/ch32v00x_it.o
                                        0x5f9 (size before relaxing)
 .debug_str     0x0000000000000598      0x3a6 ./User/main.o
                                        0x981 (size before relaxing)
 .debug_str     0x000000000000093e      0x126 ./User/system_ch32v00x.o
                                        0x791 (size before relaxing)
 .debug_str     0x0000000000000a64       0x2a ./Startup/startup_ch32v00x.o
                                         0xa9 (size before relaxing)
 .debug_str     0x0000000000000a8e       0x97 ./Peripheral/src/ch32v00x_dbgmcu.o
                                        0x689 (size before relaxing)
 .debug_str     0x0000000000000b25      0x1d7 ./Peripheral/src/ch32v00x_gpio.o
                                        0x98c (size before relaxing)
 .debug_str     0x0000000000000cfc      0x2eb ./Peripheral/src/ch32v00x_misc.o
                                        0x94e (size before relaxing)
 .debug_str     0x0000000000000fe7      0x2c7 ./Peripheral/src/ch32v00x_rcc.o
                                        0x9f4 (size before relaxing)
 .debug_str     0x00000000000012ae      0x374 ./Peripheral/src/ch32v00x_usart.o
                                        0xb43 (size before relaxing)
 .debug_str     0x0000000000001622       0x85 ./Debug/debug.o
                                        0x94a (size before relaxing)

.comment        0x0000000000000000       0x33
 .comment       0x0000000000000000       0x33 ./User/ch32v00x_it.o
                                         0x34 (size before relaxing)
 .comment       0x0000000000000033       0x34 ./User/main.o
 .comment       0x0000000000000033       0x34 ./User/system_ch32v00x.o
 .comment       0x0000000000000033       0x34 ./Peripheral/src/ch32v00x_dbgmcu.o
 .comment       0x0000000000000033       0x34 ./Peripheral/src/ch32v00x_gpio.o
 .comment       0x0000000000000033       0x34 ./Peripheral/src/ch32v00x_misc.o
 .comment       0x0000000000000033       0x34 ./Peripheral/src/ch32v00x_rcc.o
 .comment       0x0000000000000033       0x34 ./Peripheral/src/ch32v00x_usart.o
 .comment       0x0000000000000033       0x34 ./Debug/debug.o

.debug_frame    0x0000000000000000      0xfd0
 .debug_frame   0x0000000000000000       0x30 ./User/ch32v00x_it.o
 .debug_frame   0x0000000000000030       0x50 ./User/main.o
 .debug_frame   0x0000000000000080       0x58 ./User/system_ch32v00x.o
 .debug_frame   0x00000000000000d8       0x70 ./Peripheral/src/ch32v00x_dbgmcu.o
 .debug_frame   0x0000000000000148      0x150 ./Peripheral/src/ch32v00x_gpio.o
 .debug_frame   0x0000000000000298       0x30 ./Peripheral/src/ch32v00x_misc.o
 .debug_frame   0x00000000000002c8      0x1dc ./Peripheral/src/ch32v00x_rcc.o
 .debug_frame   0x00000000000004a4      0x204 ./Peripheral/src/ch32v00x_usart.o
 .debug_frame   0x00000000000006a8       0xe4 ./Debug/debug.o
 .debug_frame   0x000000000000078c       0x54 /home/chowdarymanyam/Downloads/Work-Space/Firmware/CH32V/27082024_MounRiver/MounRiver_Studio_Community_Linux_x64_V170/MRS_Community/toolchain/RISC-V Embedded GCC/bin/../lib/gcc/riscv-none-embed/8.2.0/../../../../riscv-none-embed/lib/rv32ec/ilp32e/libg_nano.a(lib_a-printf.o)
 .debug_frame   0x00000000000007e0       0x48 /home/chowdarymanyam/Downloads/Work-Space/Firmware/CH32V/27082024_MounRiver/MounRiver_Studio_Community_Linux_x64_V170/MRS_Community/toolchain/RISC-V Embedded GCC/bin/../lib/gcc/riscv-none-embed/8.2.0/../../../../riscv-none-embed/lib/rv32ec/ilp32e/libg_nano.a(lib_a-puts.o)
 .debug_frame   0x0000000000000828       0x48 /home/chowdarymanyam/Downloads/Work-Space/Firmware/CH32V/27082024_MounRiver/MounRiver_Studio_Community_Linux_x64_V170/MRS_Community/toolchain/RISC-V Embedded GCC/bin/../lib/gcc/riscv-none-embed/8.2.0/../../../../riscv-none-embed/lib/rv32ec/ilp32e/libg_nano.a(lib_a-wbuf.o)
 .debug_frame   0x0000000000000870       0x38 /home/chowdarymanyam/Downloads/Work-Space/Firmware/CH32V/27082024_MounRiver/MounRiver_Studio_Community_Linux_x64_V170/MRS_Community/toolchain/RISC-V Embedded GCC/bin/../lib/gcc/riscv-none-embed/8.2.0/../../../../riscv-none-embed/lib/rv32ec/ilp32e/libg_nano.a(lib_a-wsetup.o)
 .debug_frame   0x00000000000008a8       0x74 /home/chowdarymanyam/Downloads/Work-Space/Firmware/CH32V/27082024_MounRiver/MounRiver_Studio_Community_Linux_x64_V170/MRS_Community/toolchain/RISC-V Embedded GCC/bin/../lib/gcc/riscv-none-embed/8.2.0/../../../../riscv-none-embed/lib/rv32ec/ilp32e/libg_nano.a(lib_a-fflush.o)
 .debug_frame   0x000000000000091c      0x13c /home/chowdarymanyam/Downloads/Work-Space/Firmware/CH32V/27082024_MounRiver/MounRiver_Studio_Community_Linux_x64_V170/MRS_Community/toolchain/RISC-V Embedded GCC/bin/../lib/gcc/riscv-none-embed/8.2.0/../../../../riscv-none-embed/lib/rv32ec/ilp32e/libg_nano.a(lib_a-findfp.o)
 .debug_frame   0x0000000000000a58       0x60 /home/chowdarymanyam/Downloads/Work-Space/Firmware/CH32V/27082024_MounRiver/MounRiver_Studio_Community_Linux_x64_V170/MRS_Community/toolchain/RISC-V Embedded GCC/bin/../lib/gcc/riscv-none-embed/8.2.0/../../../../riscv-none-embed/lib/rv32ec/ilp32e/libg_nano.a(lib_a-fwalk.o)
 .debug_frame   0x0000000000000ab8       0x5c /home/chowdarymanyam/Downloads/Work-Space/Firmware/CH32V/27082024_MounRiver/MounRiver_Studio_Community_Linux_x64_V170/MRS_Community/toolchain/RISC-V Embedded GCC/bin/../lib/gcc/riscv-none-embed/8.2.0/../../../../riscv-none-embed/lib/rv32ec/ilp32e/libg_nano.a(lib_a-makebuf.o)
 .debug_frame   0x0000000000000b14       0x40 /home/chowdarymanyam/Downloads/Work-Space/Firmware/CH32V/27082024_MounRiver/MounRiver_Studio_Community_Linux_x64_V170/MRS_Community/toolchain/RISC-V Embedded GCC/bin/../lib/gcc/riscv-none-embed/8.2.0/../../../../riscv-none-embed/lib/rv32ec/ilp32e/libg_nano.a(lib_a-nano-freer.o)
 .debug_frame   0x0000000000000b54       0x38 /home/chowdarymanyam/Downloads/Work-Space/Firmware/CH32V/27082024_MounRiver/MounRiver_Studio_Community_Linux_x64_V170/MRS_Community/toolchain/RISC-V Embedded GCC/bin/../lib/gcc/riscv-none-embed/8.2.0/../../../../riscv-none-embed/lib/rv32ec/ilp32e/libg_nano.a(lib_a-nano-mallocr.o)
 .debug_frame   0x0000000000000b8c       0xa4 /home/chowdarymanyam/Downloads/Work-Space/Firmware/CH32V/27082024_MounRiver/MounRiver_Studio_Community_Linux_x64_V170/MRS_Community/toolchain/RISC-V Embedded GCC/bin/../lib/gcc/riscv-none-embed/8.2.0/../../../../riscv-none-embed/lib/rv32ec/ilp32e/libg_nano.a(lib_a-nano-vfprintf.o)
 .debug_frame   0x0000000000000c30       0x60 /home/chowdarymanyam/Downloads/Work-Space/Firmware/CH32V/27082024_MounRiver/MounRiver_Studio_Community_Linux_x64_V170/MRS_Community/toolchain/RISC-V Embedded GCC/bin/../lib/gcc/riscv-none-embed/8.2.0/../../../../riscv-none-embed/lib/rv32ec/ilp32e/libg_nano.a(lib_a-nano-vfprintf_i.o)
 .debug_frame   0x0000000000000c90       0x30 /home/chowdarymanyam/Downloads/Work-Space/Firmware/CH32V/27082024_MounRiver/MounRiver_Studio_Community_Linux_x64_V170/MRS_Community/toolchain/RISC-V Embedded GCC/bin/../lib/gcc/riscv-none-embed/8.2.0/../../../../riscv-none-embed/lib/rv32ec/ilp32e/libg_nano.a(lib_a-sbrkr.o)
 .debug_frame   0x0000000000000cc0       0x9c /home/chowdarymanyam/Downloads/Work-Space/Firmware/CH32V/27082024_MounRiver/MounRiver_Studio_Community_Linux_x64_V170/MRS_Community/toolchain/RISC-V Embedded GCC/bin/../lib/gcc/riscv-none-embed/8.2.0/../../../../riscv-none-embed/lib/rv32ec/ilp32e/libg_nano.a(lib_a-stdio.o)
 .debug_frame   0x0000000000000d5c       0x30 /home/chowdarymanyam/Downloads/Work-Space/Firmware/CH32V/27082024_MounRiver/MounRiver_Studio_Community_Linux_x64_V170/MRS_Community/toolchain/RISC-V Embedded GCC/bin/../lib/gcc/riscv-none-embed/8.2.0/../../../../riscv-none-embed/lib/rv32ec/ilp32e/libg_nano.a(lib_a-writer.o)
 .debug_frame   0x0000000000000d8c       0x30 /home/chowdarymanyam/Downloads/Work-Space/Firmware/CH32V/27082024_MounRiver/MounRiver_Studio_Community_Linux_x64_V170/MRS_Community/toolchain/RISC-V Embedded GCC/bin/../lib/gcc/riscv-none-embed/8.2.0/../../../../riscv-none-embed/lib/rv32ec/ilp32e/libg_nano.a(lib_a-closer.o)
 .debug_frame   0x0000000000000dbc       0x30 /home/chowdarymanyam/Downloads/Work-Space/Firmware/CH32V/27082024_MounRiver/MounRiver_Studio_Community_Linux_x64_V170/MRS_Community/toolchain/RISC-V Embedded GCC/bin/../lib/gcc/riscv-none-embed/8.2.0/../../../../riscv-none-embed/lib/rv32ec/ilp32e/libg_nano.a(lib_a-fstatr.o)
 .debug_frame   0x0000000000000dec       0x30 /home/chowdarymanyam/Downloads/Work-Space/Firmware/CH32V/27082024_MounRiver/MounRiver_Studio_Community_Linux_x64_V170/MRS_Community/toolchain/RISC-V Embedded GCC/bin/../lib/gcc/riscv-none-embed/8.2.0/../../../../riscv-none-embed/lib/rv32ec/ilp32e/libg_nano.a(lib_a-isattyr.o)
 .debug_frame   0x0000000000000e1c       0x30 /home/chowdarymanyam/Downloads/Work-Space/Firmware/CH32V/27082024_MounRiver/MounRiver_Studio_Community_Linux_x64_V170/MRS_Community/toolchain/RISC-V Embedded GCC/bin/../lib/gcc/riscv-none-embed/8.2.0/../../../../riscv-none-embed/lib/rv32ec/ilp32e/libg_nano.a(lib_a-lseekr.o)
 .debug_frame   0x0000000000000e4c       0x20 /home/chowdarymanyam/Downloads/Work-Space/Firmware/CH32V/27082024_MounRiver/MounRiver_Studio_Community_Linux_x64_V170/MRS_Community/toolchain/RISC-V Embedded GCC/bin/../lib/gcc/riscv-none-embed/8.2.0/../../../../riscv-none-embed/lib/rv32ec/ilp32e/libg_nano.a(lib_a-memchr.o)
 .debug_frame   0x0000000000000e6c       0x30 /home/chowdarymanyam/Downloads/Work-Space/Firmware/CH32V/27082024_MounRiver/MounRiver_Studio_Community_Linux_x64_V170/MRS_Community/toolchain/RISC-V Embedded GCC/bin/../lib/gcc/riscv-none-embed/8.2.0/../../../../riscv-none-embed/lib/rv32ec/ilp32e/libg_nano.a(lib_a-mlock.o)
 .debug_frame   0x0000000000000e9c       0x30 /home/chowdarymanyam/Downloads/Work-Space/Firmware/CH32V/27082024_MounRiver/MounRiver_Studio_Community_Linux_x64_V170/MRS_Community/toolchain/RISC-V Embedded GCC/bin/../lib/gcc/riscv-none-embed/8.2.0/../../../../riscv-none-embed/lib/rv32ec/ilp32e/libg_nano.a(lib_a-readr.o)
 .debug_frame   0x0000000000000ecc       0x64 /home/chowdarymanyam/Downloads/Work-Space/Firmware/CH32V/27082024_MounRiver/MounRiver_Studio_Community_Linux_x64_V170/MRS_Community/toolchain/RISC-V Embedded GCC/bin/../lib/gcc/riscv-none-embed/8.2.0/../../../../riscv-none-embed/lib/rv32ec/ilp32e/libg_nano.a(lib_a-reent.o)
 .debug_frame   0x0000000000000f30       0x20 /home/chowdarymanyam/Downloads/Work-Space/Firmware/CH32V/27082024_MounRiver/MounRiver_Studio_Community_Linux_x64_V170/MRS_Community/toolchain/RISC-V Embedded GCC/bin/../lib/gcc/riscv-none-embed/8.2.0/../../../../riscv-none-embed/lib/rv32ec/ilp32e/libnosys.a(close.o)
 .debug_frame   0x0000000000000f50       0x20 /home/chowdarymanyam/Downloads/Work-Space/Firmware/CH32V/27082024_MounRiver/MounRiver_Studio_Community_Linux_x64_V170/MRS_Community/toolchain/RISC-V Embedded GCC/bin/../lib/gcc/riscv-none-embed/8.2.0/../../../../riscv-none-embed/lib/rv32ec/ilp32e/libnosys.a(fstat.o)
 .debug_frame   0x0000000000000f70       0x20 /home/chowdarymanyam/Downloads/Work-Space/Firmware/CH32V/27082024_MounRiver/MounRiver_Studio_Community_Linux_x64_V170/MRS_Community/toolchain/RISC-V Embedded GCC/bin/../lib/gcc/riscv-none-embed/8.2.0/../../../../riscv-none-embed/lib/rv32ec/ilp32e/libnosys.a(isatty.o)
 .debug_frame   0x0000000000000f90       0x20 /home/chowdarymanyam/Downloads/Work-Space/Firmware/CH32V/27082024_MounRiver/MounRiver_Studio_Community_Linux_x64_V170/MRS_Community/toolchain/RISC-V Embedded GCC/bin/../lib/gcc/riscv-none-embed/8.2.0/../../../../riscv-none-embed/lib/rv32ec/ilp32e/libnosys.a(lseek.o)
 .debug_frame   0x0000000000000fb0       0x20 /home/chowdarymanyam/Downloads/Work-Space/Firmware/CH32V/27082024_MounRiver/MounRiver_Studio_Community_Linux_x64_V170/MRS_Community/toolchain/RISC-V Embedded GCC/bin/../lib/gcc/riscv-none-embed/8.2.0/../../../../riscv-none-embed/lib/rv32ec/ilp32e/libnosys.a(read.o)

.debug_loc      0x0000000000000000     0x16db
 .debug_loc     0x0000000000000000       0x73 ./User/main.o
 .debug_loc     0x0000000000000073       0x55 ./User/system_ch32v00x.o
 .debug_loc     0x00000000000000c8       0x6e ./Peripheral/src/ch32v00x_dbgmcu.o
 .debug_loc     0x0000000000000136      0x6cf ./Peripheral/src/ch32v00x_gpio.o
 .debug_loc     0x0000000000000805       0x2d ./Peripheral/src/ch32v00x_misc.o
 .debug_loc     0x0000000000000832      0x5d8 ./Peripheral/src/ch32v00x_rcc.o
 .debug_loc     0x0000000000000e0a      0x735 ./Peripheral/src/ch32v00x_usart.o
 .debug_loc     0x000000000000153f      0x19c ./Debug/debug.o

.stab           0x0000000000000000       0x84
 .stab          0x0000000000000000       0x24 /home/chowdarymanyam/Downloads/Work-Space/Firmware/CH32V/27082024_MounRiver/MounRiver_Studio_Community_Linux_x64_V170/MRS_Community/toolchain/RISC-V Embedded GCC/bin/../lib/gcc/riscv-none-embed/8.2.0/../../../../riscv-none-embed/lib/rv32ec/ilp32e/libnosys.a(close.o)
 .stab          0x0000000000000024       0x18 /home/chowdarymanyam/Downloads/Work-Space/Firmware/CH32V/27082024_MounRiver/MounRiver_Studio_Community_Linux_x64_V170/MRS_Community/toolchain/RISC-V Embedded GCC/bin/../lib/gcc/riscv-none-embed/8.2.0/../../../../riscv-none-embed/lib/rv32ec/ilp32e/libnosys.a(fstat.o)
                                         0x24 (size before relaxing)
 .stab          0x000000000000003c       0x18 /home/chowdarymanyam/Downloads/Work-Space/Firmware/CH32V/27082024_MounRiver/MounRiver_Studio_Community_Linux_x64_V170/MRS_Community/toolchain/RISC-V Embedded GCC/bin/../lib/gcc/riscv-none-embed/8.2.0/../../../../riscv-none-embed/lib/rv32ec/ilp32e/libnosys.a(isatty.o)
                                         0x24 (size before relaxing)
 .stab          0x0000000000000054       0x18 /home/chowdarymanyam/Downloads/Work-Space/Firmware/CH32V/27082024_MounRiver/MounRiver_Studio_Community_Linux_x64_V170/MRS_Community/toolchain/RISC-V Embedded GCC/bin/../lib/gcc/riscv-none-embed/8.2.0/../../../../riscv-none-embed/lib/rv32ec/ilp32e/libnosys.a(lseek.o)
                                         0x24 (size before relaxing)
 .stab          0x000000000000006c       0x18 /home/chowdarymanyam/Downloads/Work-Space/Firmware/CH32V/27082024_MounRiver/MounRiver_Studio_Community_Linux_x64_V170/MRS_Community/toolchain/RISC-V Embedded GCC/bin/../lib/gcc/riscv-none-embed/8.2.0/../../../../riscv-none-embed/lib/rv32ec/ilp32e/libnosys.a(read.o)
                                         0x24 (size before relaxing)

.stabstr        0x0000000000000000      0x117
 .stabstr       0x0000000000000000      0x117 /home/chowdarymanyam/Downloads/Work-Space/Firmware/CH32V/27082024_MounRiver/MounRiver_Studio_Community_Linux_x64_V170/MRS_Community/toolchain/RISC-V Embedded GCC/bin/../lib/gcc/riscv-none-embed/8.2.0/../../../../riscv-none-embed/lib/rv32ec/ilp32e/libnosys.a(close.o)
